Component: ARM Compiler 5.06 update 7 (build 960) Tool: armlink [4d3601]

==============================================================================

Section Cross References

    startup_stm32f103xb.o(RESET) refers to startup_stm32f103xb.o(STACK) for __initial_sp
    startup_stm32f103xb.o(RESET) refers to startup_stm32f103xb.o(.text) for Reset_Handler
    startup_stm32f103xb.o(RESET) refers to stm32f1xx_it.o(i.NMI_Handler) for NMI_Handler
    startup_stm32f103xb.o(RESET) refers to stm32f1xx_it.o(i.HardFault_Handler) for HardFault_Handler
    startup_stm32f103xb.o(RESET) refers to stm32f1xx_it.o(i.MemManage_Handler) for MemManage_Handler
    startup_stm32f103xb.o(RESET) refers to stm32f1xx_it.o(i.BusFault_Handler) for BusFault_Handler
    startup_stm32f103xb.o(RESET) refers to stm32f1xx_it.o(i.UsageFault_Handler) for UsageFault_Handler
    startup_stm32f103xb.o(RESET) refers to stm32f1xx_it.o(i.SVC_Handler) for SVC_Handler
    startup_stm32f103xb.o(RESET) refers to stm32f1xx_it.o(i.DebugMon_Handler) for DebugMon_Handler
    startup_stm32f103xb.o(RESET) refers to stm32f1xx_it.o(i.PendSV_Handler) for PendSV_Handler
    startup_stm32f103xb.o(RESET) refers to stm32f1xx_it.o(i.SysTick_Handler) for SysTick_Handler
    startup_stm32f103xb.o(RESET) refers to stm32f1xx_it.o(i.EXTI9_5_IRQHandler) for EXTI9_5_IRQHandler
    startup_stm32f103xb.o(RESET) refers to stm32f1xx_it.o(i.TIM1_UP_IRQHandler) for TIM1_UP_IRQHandler
    startup_stm32f103xb.o(RESET) refers to stm32f1xx_it.o(i.EXTI15_10_IRQHandler) for EXTI15_10_IRQHandler
    startup_stm32f103xb.o(.text) refers to system_stm32f1xx.o(i.SystemInit) for SystemInit
    startup_stm32f103xb.o(.text) refers to entry.o(.ARM.Collect$$$$00000000) for __main
    main.o(i.SystemClock_Config) refers to memseta.o(.text) for __aeabi_memclr4
    main.o(i.SystemClock_Config) refers to stm32f1xx_hal_rcc.o(i.HAL_RCC_OscConfig) for HAL_RCC_OscConfig
    main.o(i.SystemClock_Config) refers to stm32f1xx_hal_rcc.o(i.HAL_RCC_ClockConfig) for HAL_RCC_ClockConfig
    main.o(i.SystemClock_Config) refers to stm32f1xx_hal_rcc_ex.o(i.HAL_RCCEx_PeriphCLKConfig) for HAL_RCCEx_PeriphCLKConfig
    main.o(i.main) refers to stm32f1xx_hal.o(i.HAL_Init) for HAL_Init
    main.o(i.main) refers to main.o(i.SystemClock_Config) for SystemClock_Config
    main.o(i.main) refers to main.o(i.JTAG_Set) for JTAG_Set
    main.o(i.main) refers to stm32f1xx_hal.o(i.HAL_Delay) for HAL_Delay
    main.o(i.main) refers to gpio.o(i.MX_GPIO_Init) for MX_GPIO_Init
    main.o(i.main) refers to tim.o(i.MX_TIM3_Init) for MX_TIM3_Init
    main.o(i.main) refers to tim.o(i.MX_TIM4_Init) for MX_TIM4_Init
    main.o(i.main) refers to usart.o(i.MX_USART1_UART_Init) for MX_USART1_UART_Init
    main.o(i.main) refers to adc.o(i.MX_ADC1_Init) for MX_ADC1_Init
    main.o(i.main) refers to tim.o(i.MX_TIM1_Init) for MX_TIM1_Init
    main.o(i.main) refers to oled.o(i.OLED_Init) for OLED_Init
    main.o(i.main) refers to show.o(i.DataScope) for DataScope
    main.o(i.main) refers to check.o(i.Tips) for Tips
    main.o(i.main) refers to main.o(.data) for .data
    gpio.o(i.HAL_GPIO_EXTI_Callback) refers to stm32f1xx_hal.o(i.HAL_Delay) for HAL_Delay
    gpio.o(i.HAL_GPIO_EXTI_Callback) refers to fadd.o(.text) for __aeabi_fadd
    gpio.o(i.HAL_GPIO_EXTI_Callback) refers to main.o(.data) for Balance_KP
    gpio.o(i.HAL_GPIO_EXTI_Callback) refers to main.o(.data) for Balance_KD
    gpio.o(i.HAL_GPIO_EXTI_Callback) refers to main.o(.data) for Position_KP
    gpio.o(i.HAL_GPIO_EXTI_Callback) refers to main.o(.data) for Position_KD
    gpio.o(i.HAL_GPIO_EXTI_Callback) refers to main.o(.data) for Menu
    gpio.o(i.HAL_GPIO_EXTI_Callback) refers to main.o(.data) for Amplitude1
    gpio.o(i.HAL_GPIO_EXTI_Callback) refers to main.o(.data) for Amplitude2
    gpio.o(i.HAL_GPIO_EXTI_Callback) refers to main.o(.data) for Amplitude3
    gpio.o(i.HAL_GPIO_EXTI_Callback) refers to main.o(.data) for Flag_Stop
    gpio.o(i.HAL_GPIO_EXTI_Callback) refers to control.o(.data) for Swing_up
    gpio.o(i.HAL_GPIO_EXTI_Callback) refers to main.o(.data) for Amplitude4
    gpio.o(i.MX_GPIO_Init) refers to stm32f1xx_hal_gpio.o(i.HAL_GPIO_WritePin) for HAL_GPIO_WritePin
    gpio.o(i.MX_GPIO_Init) refers to stm32f1xx_hal_gpio.o(i.HAL_GPIO_Init) for HAL_GPIO_Init
    gpio.o(i.MX_GPIO_Init) refers to stm32f1xx_hal_cortex.o(i.HAL_NVIC_SetPriority) for HAL_NVIC_SetPriority
    gpio.o(i.MX_GPIO_Init) refers to stm32f1xx_hal_cortex.o(i.HAL_NVIC_EnableIRQ) for HAL_NVIC_EnableIRQ
    adc.o(i.Get_Adc) refers to stm32f1xx_hal_adc.o(i.HAL_ADC_ConfigChannel) for HAL_ADC_ConfigChannel
    adc.o(i.Get_Adc) refers to stm32f1xx_hal_adc.o(i.HAL_ADC_Start) for HAL_ADC_Start
    adc.o(i.Get_Adc) refers to stm32f1xx_hal_adc.o(i.HAL_ADC_PollForConversion) for HAL_ADC_PollForConversion
    adc.o(i.Get_Adc) refers to stm32f1xx_hal_adc.o(i.HAL_ADC_GetValue) for HAL_ADC_GetValue
    adc.o(i.Get_Adc) refers to adc.o(.bss) for .bss
[...]
    ../Drivers/STM32F1xx_HAL_Driver/Src/stm32f1xx_hal_pwr.c 0x00000000   Number         0  stm32f1xx_hal_pwr.o ABSOLUTE
    ../Drivers/STM32F1xx_HAL_Driver/Src/stm32f1xx_hal_rcc.c 0x00000000   Number         0  stm32f1xx_hal_rcc.o ABSOLUTE
    ../Drivers/STM32F1xx_HAL_Driver/Src/stm32f1xx_hal_rcc_ex.c 0x00000000   Number         0  stm32f1xx_hal_rcc_ex.o ABSOLUTE
    ../Drivers/STM32F1xx_HAL_Driver/Src/stm32f1xx_hal_tim.c 0x00000000   Number         0  stm32f1xx_hal_tim.o ABSOLUTE
    ../Drivers/STM32F1xx_HAL_Driver/Src/stm32f1xx_hal_tim_ex.c 0x00000000   Number         0  stm32f1xx_hal_tim_ex.o ABSOLUTE
    ../Drivers/STM32F1xx_HAL_Driver/Src/stm32f1xx_hal_uart.c 0x00000000   Number         0  stm32f1xx_hal_uart.o ABSOLUTE
    ../clib/microlib/init/entry.s            0x00000000   Number         0  entry7a.o ABSOLUTE
    ../clib/microlib/init/entry.s            0x00000000   Number         0  entry7b.o ABSOLUTE
    ../clib/microlib/init/entry.s            0x00000000   Number         0  entry.o ABSOLUTE
    ../clib/microlib/init/entry.s            0x00000000   Number         0  entry9b.o ABSOLUTE
    ../clib/microlib/init/entry.s            0x00000000   Number         0  entry2.o ABSOLUTE
    ../clib/microlib/init/entry.s            0x00000000   Number         0  entry5.o ABSOLUTE
    ../clib/microlib/init/entry.s            0x00000000   Number         0  entry8a.o ABSOLUTE
    ../clib/microlib/init/entry.s            0x00000000   Number         0  entry8b.o ABSOLUTE
    ../clib/microlib/init/entry.s            0x00000000   Number         0  entry9a.o ABSOLUTE
    ../clib/microlib/init/entry.s            0x00000000   Number         0  entry12b.o ABSOLUTE
    ../clib/microlib/init/entry.s            0x00000000   Number         0  entry12a.o ABSOLUTE
    ../clib/microlib/init/entry.s            0x00000000   Number         0  entry11b.o ABSOLUTE
    ../clib/microlib/init/entry.s            0x00000000   Number         0  entry10a.o ABSOLUTE
    ../clib/microlib/init/entry.s            0x00000000   Number         0  entry11a.o ABSOLUTE
    ../clib/microlib/init/entry.s            0x00000000   Number         0  entry10b.o ABSOLUTE
    ../clib/microlib/longlong.c              0x00000000   Number         0  llushr.o ABSOLUTE
    ../clib/microlib/longlong.c              0x00000000   Number         0  llsshr.o ABSOLUTE
    ../clib/microlib/longlong.c              0x00000000   Number         0  llshl.o ABSOLUTE
    ../clib/microlib/string/memset.c         0x00000000   Number         0  memseta.o ABSOLUTE
    ../clib/microlib/stubs.s                 0x00000000   Number         0  iusefp.o ABSOLUTE
    ../fplib/microlib/d2f.c                  0x00000000   Number         0  d2f.o ABSOLUTE
    ../fplib/microlib/f2d.c                  0x00000000   Number         0  f2d.o ABSOLUTE
    ../fplib/microlib/fpadd.c                0x00000000   Number         0  dadd.o ABSOLUTE
    ../fplib/microlib/fpadd.c                0x00000000   Number         0  fadd.o ABSOLUTE
    ../fplib/microlib/fpdiv.c                0x00000000   Number         0  fdiv.o ABSOLUTE
    ../fplib/microlib/fpepilogue.c           0x00000000   Number         0  depilogue.o ABSOLUTE
    ../fplib/microlib/fpepilogue.c           0x00000000   Number         0  fepilogue.o ABSOLUTE
    ../fplib/microlib/fpfix.c                0x00000000   Number         0  ffixi.o ABSOLUTE
    ../fplib/microlib/fpfix.c                0x00000000   Number         0  dfixi.o ABSOLUTE
    ../fplib/microlib/fpfix.c                0x00000000   Number         0  ffixui.o ABSOLUTE
    ../fplib/microlib/fpflt.c                0x00000000   Number         0  fflti.o ABSOLUTE
    ../fplib/microlib/fpflt.c                0x00000000   Number         0  ffltui.o ABSOLUTE
    ../fplib/microlib/fpflt.c                0x00000000   Number         0  dfltui.o ABSOLUTE
    ../fplib/microlib/fpmul.c                0x00000000   Number         0  fmul.o ABSOLUTE
    ../fplib/microlib/fpmul.c                0x00000000   Number         0  dmul.o ABSOLUTE
    ../fplib/microlib/fpscalb.c              0x00000000   Number         0  dscalb.o ABSOLUTE
    ..\BALANCE\CHECK\check.c                 0x00000000   Number         0  check.o ABSOLUTE
    ..\BALANCE\CONTROL\control.c             0x00000000   Number         0  control.o ABSOLUTE
    ..\BALANCE\DataScope_DP\DataScope_DP.C   0x00000000   Number         0  datascope_dp.o ABSOLUTE
    ..\BALANCE\show\show.c                   0x00000000   Number         0  show.o ABSOLUTE
    ..\Core\Src\adc.c                        0x00000000   Number         0  adc.o ABSOLUTE
    ..\Core\Src\gpio.c                       0x00000000   Number         0  gpio.o ABSOLUTE
    ..\Core\Src\main.c                       0x00000000   Number         0  main.o ABSOLUTE
    ..\Core\Src\stm32f1xx_hal_msp.c          0x00000000   Number         0  stm32f1xx_hal_msp.o ABSOLUTE
    ..\Core\Src\stm32f1xx_it.c               0x00000000   Number         0  stm32f1xx_it.o ABSOLUTE
    ..\Core\Src\system_stm32f1xx.c           0x00000000   Number         0  system_stm32f1xx.o ABSOLUTE
    ..\Core\Src\tim.c                        0x00000000   Number         0  tim.o ABSOLUTE
    ..\Core\Src\usart.c                      0x00000000   Number         0  usart.o ABSOLUTE
    ..\Drivers\STM32F1xx_HAL_Driver\Src\stm32f1xx_hal.c 0x00000000   Number         0  stm32f1xx_hal.o ABSOLUTE
    ..\Drivers\STM32F1xx_HAL_Driver\Src\stm32f1xx_hal_adc.c 0x00000000   Number         0  stm32f1xx_hal_adc.o ABSOLUTE
    ..\Drivers\STM32F1xx_HAL_Driver\Src\stm32f1xx_hal_adc_ex.c 0x00000000   Number         0  stm32f1xx_hal_adc_ex.o ABSOLUTE
    ..\Drivers\STM32F1xx_HAL_Driver\Src\stm32f1xx_hal_cortex.c 0x00000000   Number         0  stm32f1xx_hal_cortex.o ABSOLUTE
    ..\Drivers\STM32F1xx_HAL_Driver\Src\stm32f1xx_hal_dma.c 0x00000000   Number         0  stm32f1xx_hal_dma.o ABSOLUTE
    ..\Drivers\STM32F1xx_HAL_Driver\Src\stm32f1xx_hal_exti.c 0x00000000   Number         0  stm32f1xx_hal_exti.o ABSOLUTE
    ..\Drivers\STM32F1xx_HAL_Driver\Src\stm32f1xx_hal_flash.c 0x00000000   Number         0  stm32f1xx_hal_flash.o ABSOLUTE
    ..\Drivers\STM32F1xx_HAL_Driver\Src\stm32f1xx_hal_flash_ex.c 0x00000000   Number         0  stm32f1xx_hal_flash_ex.o ABSOLUTE
    ..\Drivers\STM32F1xx_HAL_Driver\Src\stm32f1xx_hal_gpio.c 0x00000000   Number         0  stm32f1xx_hal_gpio.o ABSOLUTE
    ..\Drivers\STM32F1xx_HAL_Driver\Src\stm32f1xx_hal_gpio_ex.c 0x00000000   Number         0  stm32f1xx_hal_gpio_ex.o ABSOLUTE
    ..\Drivers\STM32F1xx_HAL_Driver\Src\stm32f1xx_hal_pwr.c 0x00000000   Number         0  stm32f1xx_hal_pwr.o ABSOLUTE
    ..\Drivers\STM32F1xx_HAL_Driver\Src\stm32f1xx_hal_rcc.c 0x00000000   Number         0  stm32f1xx_hal_rcc.o ABSOLUTE
    ..\Drivers\STM32F1xx_HAL_Driver\Src\stm32f1xx_hal_rcc_ex.c 0x00000000   Number         0  stm32f1xx_hal_rcc_ex.o ABSOLUTE
    ..\Drivers\STM32F1xx_HAL_Driver\Src\stm32f1xx_hal_tim.c 0x00000000   Number         0  stm32f1xx_hal_tim.o ABSOLUTE
    ..\Drivers\STM32F1xx_HAL_Driver\Src\stm32f1xx_hal_tim_ex.c 0x00000000   Number         0  stm32f1xx_hal_tim_ex.o ABSOLUTE
    ..\Drivers\STM32F1xx_HAL_Driver\Src\stm32f1xx_hal_uart.c 0x00000000   Number         0  stm32f1xx_hal_uart.o ABSOLUTE
    ..\HARDWARE\KEY\key.c                    0x00000000   Number         0  key.o ABSOLUTE
    ..\HARDWARE\LED\LED.C                    0x00000000   Number         0  led.o ABSOLUTE
    ..\HARDWARE\OLED\oled.c                  0x00000000   Number         0  oled.o ABSOLUTE
    ..\\BALANCE\\CHECK\\check.c              0x00000000   Number         0  check.o ABSOLUTE
    ..\\BALANCE\\CONTROL\\control.c          0x00000000   Number         0  control.o ABSOLUTE
    ..\\BALANCE\\show\\show.c                0x00000000   Number         0  show.o ABSOLUTE
    ..\\HARDWARE\\KEY\\key.c                 0x00000000   Number         0  key.o ABSOLUTE
    ..\\HARDWARE\\LED\\LED.C                 0x00000000   Number         0  led.o ABSOLUTE
    ..\\HARDWARE\\OLED\\oled.c               0x00000000   Number         0  oled.o ABSOLUTE
    dc.s                                     0x00000000   Number         0  dc.o ABSOLUTE
    handlers.s                               0x00000000   Number         0  handlers.o ABSOLUTE
    init.s                                   0x00000000   Number         0  init.o ABSOLUTE
    startup_stm32f103xb.s                    0x00000000   Number         0  startup_stm32f103xb.o ABSOLUTE
    RESET                                    0x08000000   Section      236  startup_stm32f103xb.o(RESET)
    .ARM.Collect$$$$00000000                 0x080000ec   Section        0  entry.o(.ARM.Collect$$$$00000000)
    .ARM.Collect$$$$00000001                 0x080000ec   Section        4  entry2.o(.ARM.Collect$$$$00000001)
    .ARM.Collect$$$$00000004                 0x080000f0   Section        4  entry5.o(.ARM.Collect$$$$00000004)
    .ARM.Collect$$$$00000008                 0x080000f4   Section        0  entry7b.o(.ARM.Collect$$$$00000008)
    .ARM.Collect$$$$0000000A                 0x080000f4   Section        0  entry8b.o(.ARM.Collect$$$$0000000A)
    .ARM.Collect$$$$0000000B                 0x080000f4   Section        8  entry9a.o(.ARM.Collect$$$$0000000B)
    .ARM.Collect$$$$0000000E                 0x080000fc   Section        4  entry12b.o(.ARM.Collect$$$$0000000E)
    .ARM.Collect$$$$0000000F                 0x08000100   Section        0  entry10a.o(.ARM.Collect$$$$0000000F)
    .ARM.Collect$$$$00000011                 0x08000100   Section        0  entry11a.o(.ARM.Collect$$$$00000011)
    .ARM.Collect$$$$00002712                 0x08000100   Section        4  entry2.o(.ARM.Collect$$$$00002712)
    __lit__00000000                          0x08000100   Data           4  entry2.o(.ARM.Collect$$$$00002712)
    .text                                    0x08000104   Section       36  startup_stm32f103xb.o(.text)
    .text                                    0x08000128   Section        0  llushr.o(.text)
    .text                                    0x08000148   Section        0  memseta.o(.text)
    .text                                    0x0800016c   Section        0  fadd.o(.text)
    .text                                    0x0800021c   Section        0  fmul.o(.text)
    .text                                    0x08000280   Section        0  fdiv.o(.text)
    .text                                    0x080002fc   Section        0  dadd.o(.text)
    .text                                    0x0800044a   Section        0  dmul.o(.text)
    .text                                    0x0800052e   Section        0  dscalb.o(.text)
    .text                                    0x0800055c   Section        0  fflti.o(.text)
    .text                                    0x0800056e   Section        0  ffltui.o(.text)
    .text                                    0x08000578   Section        0  dfltui.o(.text)
    .text                                    0x08000592   Section        0  ffixi.o(.text)
    .text                                    0x080005c4   Section        0  ffixui.o(.text)
    .text                                    0x080005ec   Section        0  dfixi.o(.text)
    .text                                    0x0800062a   Section        0  f2d.o(.text)
    .text                                    0x08000650   Section        0  d2f.o(.text)
    .text                                    0x08000688   Section        0  llshl.o(.text)
    .text                                    0x080006a6   Section        0  llsshr.o(.text)
    .text                                    0x080006ca   Section        0  iusefp.o(.text)
    .text                                    0x080006ca   Section        0  fepilogue.o(.text)
    .text                                    0x08000738   Section        0  depilogue.o(.text)
    .text                                    0x080007f4   Section       36  init.o(.text)
    i.ADC_ConversionStop_Disable             0x08000818   Section        0  stm32f1xx_hal_adc.o(i.ADC_ConversionStop_Disable)
    i.ADC_Enable                             0x08000870   Section        0  stm32f1xx_hal_adc.o(i.ADC_Enable)
    i.Auto_run                               0x080008ec   Section        0  control.o(i.Auto_run)
    i.Balance                                0x08000ba8   Section        0  control.o(i.Balance)
    i.BusFault_Handler                       0x08000bf8   Section        0  stm32f1xx_it.o(i.BusFault_Handler)
    i.DataScope                              0x08000bfc   Section        0  show.o(i.DataScope)
    i.DataScope_Data_Generate                0x08000c60   Section        0  datascope_dp.o(i.DataScope_Data_Generate)
    i.DataScope_Get_Channel_Data             0x08000ce0   Section        0  datascope_dp.o(i.DataScope_Get_Channel_Data)
    i.DebugMon_Handler                       0x08000d34   Section        0  stm32f1xx_it.o(i.DebugMon_Handler)
    i.EXTI15_10_IRQHandler                   0x08000d36   Section        0  stm32f1xx_it.o(i.EXTI15_10_IRQHandler)
    i.EXTI9_5_IRQHandler                     0x08000d4c   Section        0  stm32f1xx_it.o(i.EXTI9_5_IRQHandler)
    i.Error_Handler                          0x08000d5e   Section        0  main.o(i.Error_Handler)
    i.Find_Zero                              0x08000d64   Section        0  control.o(i.Find_Zero)
    i.Float2Byte                             0x08000e60   Section        0  datascope_dp.o(i.Float2Byte)
    i.Get_Adc                                0x08000e74   Section        0  adc.o(i.Get_Adc)
    i.Get_Adc_Average                        0x08000eb4   Section        0  adc.o(i.Get_Adc_Average)
    i.Get_D_Angle_Balance                    0x08000edc   Section        0  control.o(i.Get_D_Angle_Balance)
    i.Get_battery_volt                       0x08000f14   Section        0  adc.o(i.Get_battery_volt)
    i.HAL_ADCEx_Calibration_Start            0x08000f58   Section        0  stm32f1xx_hal_adc_ex.o(i.HAL_ADCEx_Calibration_Start)
    i.HAL_ADC_ConfigChannel                  0x08001030   Section        0  stm32f1xx_hal_adc.o(i.HAL_ADC_ConfigChannel)
    i.HAL_ADC_GetValue                       0x0800112c   Section        0  stm32f1xx_hal_adc.o(i.HAL_ADC_GetValue)
    i.HAL_ADC_Init                           0x08001134   Section        0  stm32f1xx_hal_adc.o(i.HAL_ADC_Init)
    i.HAL_ADC_MspInit                        0x08001250   Section        0  adc.o(i.HAL_ADC_MspInit)
    i.HAL_ADC_PollForConversion              0x080012b4   Section        0  stm32f1xx_hal_adc.o(i.HAL_ADC_PollForConversion)
    i.HAL_ADC_Start                          0x080013f0   Section        0  stm32f1xx_hal_adc.o(i.HAL_ADC_Start)
    i.HAL_Delay                              0x080014b0   Section        0  stm32f1xx_hal.o(i.HAL_Delay)
    i.HAL_GPIO_EXTI_Callback                 0x080014d4   Section        0  gpio.o(i.HAL_GPIO_EXTI_Callback)
    i.HAL_GPIO_EXTI_IRQHandler               0x08001640   Section        0  stm32f1xx_hal_gpio.o(i.HAL_GPIO_EXTI_IRQHandler)
    i.HAL_GPIO_Init                          0x08001658   Section        0  stm32f1xx_hal_gpio.o(i.HAL_GPIO_Init)
    i.HAL_GPIO_WritePin                      0x08001838   Section        0  stm32f1xx_hal_gpio.o(i.HAL_GPIO_WritePin)
    i.HAL_GetTick                            0x08001844   Section        0  stm32f1xx_hal.o(i.HAL_GetTick)
    i.HAL_IncTick                            0x08001850   Section        0  stm32f1xx_hal.o(i.HAL_IncTick)
    i.HAL_Init                               0x08001860   Section        0  stm32f1xx_hal.o(i.HAL_Init)
    i.HAL_InitTick                           0x08001884   Section        0  stm32f1xx_hal.o(i.HAL_InitTick)
    i.HAL_MspInit                            0x080018c4   Section        0  stm32f1xx_hal_msp.o(i.HAL_MspInit)
    i.HAL_NVIC_EnableIRQ                     0x08001908   Section        0  stm32f1xx_hal_cortex.o(i.HAL_NVIC_EnableIRQ)
    i.HAL_NVIC_SetPriority                   0x08001924   Section        0  stm32f1xx_hal_cortex.o(i.HAL_NVIC_SetPriority)
    i.HAL_NVIC_SetPriorityGrouping           0x08001964   Section        0  stm32f1xx_hal_cortex.o(i.HAL_NVIC_SetPriorityGrouping)
    i.HAL_RCCEx_GetPeriphCLKFreq             0x08001988   Section        0  stm32f1xx_hal_rcc_ex.o(i.HAL_RCCEx_GetPeriphCLKFreq)
    i.HAL_RCCEx_PeriphCLKConfig              0x08001a50   Section        0  stm32f1xx_hal_rcc_ex.o(i.HAL_RCCEx_PeriphCLKConfig)
    i.HAL_RCC_ClockConfig                    0x08001b3c   Section        0  stm32f1xx_hal_rcc.o(i.HAL_RCC_ClockConfig)
    i.HAL_RCC_GetPCLK1Freq                   0x08001c68   Section        0  stm32f1xx_hal_rcc.o(i.HAL_RCC_GetPCLK1Freq)
    i.HAL_RCC_GetPCLK2Freq                   0x08001c88   Section        0  stm32f1xx_hal_rcc.o(i.HAL_RCC_GetPCLK2Freq)
    i.HAL_RCC_GetSysClockFreq                0x08001ca8   Section        0  stm32f1xx_hal_rcc.o(i.HAL_RCC_GetSysClockFreq)
    i.HAL_RCC_OscConfig                      0x08001d14   Section        0  stm32f1xx_hal_rcc.o(i.HAL_RCC_OscConfig)
    i.HAL_SYSTICK_Config                     0x08002034   Section        0  stm32f1xx_hal_cortex.o(i.HAL_SYSTICK_Config)
    i.HAL_TIMEx_BreakCallback                0x0800205c   Section        0  stm32f1xx_hal_tim_ex.o(i.HAL_TIMEx_BreakCallback)
    i.HAL_TIMEx_CommutCallback               0x0800205e   Section        0  stm32f1xx_hal_tim_ex.o(i.HAL_TIMEx_CommutCallback)
    i.HAL_TIMEx_MasterConfigSynchronization  0x08002060   Section        0  stm32f1xx_hal_tim_ex.o(i.HAL_TIMEx_MasterConfigSynchronization)
    i.HAL_TIM_Base_Init                      0x080020c8   Section        0  stm32f1xx_hal_tim.o(i.HAL_TIM_Base_Init)
    i.HAL_TIM_Base_MspInit                   0x08002124   Section        0  tim.o(i.HAL_TIM_Base_MspInit)
    i.HAL_TIM_Base_Start_IT                  0x08002178   Section        0  stm32f1xx_hal_tim.o(i.HAL_TIM_Base_Start_IT)
    i.HAL_TIM_ConfigClockSource              0x080021d0   Section        0  stm32f1xx_hal_tim.o(i.HAL_TIM_ConfigClockSource)
    i.HAL_TIM_Encoder_Init                   0x080022a6   Section        0  stm32f1xx_hal_tim.o(i.HAL_TIM_Encoder_Init)
    i.HAL_TIM_Encoder_MspInit                0x0800234c   Section        0  tim.o(i.HAL_TIM_Encoder_MspInit)
    i.HAL_TIM_Encoder_Start                  0x080023a0   Section        0  stm32f1xx_hal_tim.o(i.HAL_TIM_Encoder_Start)
    i.HAL_TIM_IC_CaptureCallback             0x0800242e   Section        0  stm32f1xx_hal_tim.o(i.HAL_TIM_IC_CaptureCallback)
    i.HAL_TIM_IRQHandler                     0x08002430   Section        0  stm32f1xx_hal_tim.o(i.HAL_TIM_IRQHandler)
    i.HAL_TIM_MspPostInit                    0x08002598   Section        0  tim.o(i.HAL_TIM_MspPostInit)
    i.HAL_TIM_OC_DelayElapsedCallback        0x080025e4   Section        0  stm32f1xx_hal_tim.o(i.HAL_TIM_OC_DelayElapsedCallback)
    i.HAL_TIM_PWM_ConfigChannel              0x080025e6   Section        0  stm32f1xx_hal_tim.o(i.HAL_TIM_PWM_ConfigChannel)
    i.HAL_TIM_PWM_Init                       0x080026ac   Section        0  stm32f1xx_hal_tim.o(i.HAL_TIM_PWM_Init)
    i.HAL_TIM_PWM_MspInit                    0x08002706   Section        0  stm32f1xx_hal_tim.o(i.HAL_TIM_PWM_MspInit)
    i.HAL_TIM_PWM_PulseFinishedCallback      0x08002708   Section        0  stm32f1xx_hal_tim.o(i.HAL_TIM_PWM_PulseFinishedCallback)
    i.HAL_TIM_PWM_Start                      0x0800270c   Section        0  stm32f1xx_hal_tim.o(i.HAL_TIM_PWM_Start)
    i.HAL_TIM_PeriodElapsedCallback          0x080027a8   Section        0  control.o(i.HAL_TIM_PeriodElapsedCallback)
    i.HAL_TIM_TriggerCallback                0x08002928   Section        0  stm32f1xx_hal_tim.o(i.HAL_TIM_TriggerCallback)
    i.HAL_UART_Init                          0x0800292a   Section        0  stm32f1xx_hal_uart.o(i.HAL_UART_Init)
    i.HAL_UART_MspInit                       0x0800298c   Section        0  usart.o(i.HAL_UART_MspInit)
    i.HardFault_Handler                      0x080029fc   Section        0  stm32f1xx_it.o(i.HardFault_Handler)
    i.Incremental_PI                         0x08002a00   Section        0  control.o(i.Incremental_PI)
    i.JTAG_Set                               0x08002a58   Section        0  main.o(i.JTAG_Set)
    i.Key                                    0x08002a80   Section        0  control.o(i.Key)
    i.Led_Flash                              0x08002b18   Section        0  led.o(i.Led_Flash)
    i.Long_Press                             0x08002b48   Section        0  key.o(i.Long_Press)
    i.Long_Press_KEY2                        0x08002b84   Section        0  key.o(i.Long_Press_KEY2)
    i.MX_ADC1_Init                           0x08002bc0   Section        0  adc.o(i.MX_ADC1_Init)
    i.MX_GPIO_Init                           0x08002c10   Section        0  gpio.o(i.MX_GPIO_Init)
    i.MX_TIM1_Init                           0x08002d20   Section        0  tim.o(i.MX_TIM1_Init)
    i.MX_TIM3_Init                           0x08002d94   Section        0  tim.o(i.MX_TIM3_Init)
    i.MX_TIM4_Init                           0x08002e34   Section        0  tim.o(i.MX_TIM4_Init)
    i.MX_USART1_UART_Init                    0x08002eb0   Section        0  usart.o(i.MX_USART1_UART_Init)
    i.Mean_Filter                            0x08002ee8   Section        0  control.o(i.Mean_Filter)
    i.MemManage_Handler                      0x08002f28   Section        0  stm32f1xx_it.o(i.MemManage_Handler)
    i.NMI_Handler                            0x08002f2a   Section        0  stm32f1xx_it.o(i.NMI_Handler)
    i.OLED_Clear                             0x08002f2c   Section        0  oled.o(i.OLED_Clear)
    i.OLED_DrawPoint                         0x08002f58   Section        0  oled.o(i.OLED_DrawPoint)
    i.OLED_Init                              0x08002f94   Section        0  oled.o(i.OLED_Init)
    i.OLED_Refresh_Gram                      0x08003080   Section        0  oled.o(i.OLED_Refresh_Gram)
    i.OLED_ShowChar                          0x080030cc   Section        0  oled.o(i.OLED_ShowChar)
    i.OLED_ShowChinese                       0x0800315c   Section        0  oled.o(i.OLED_ShowChinese)
    i.OLED_ShowChinese_12                    0x080031c8   Section        0  oled.o(i.OLED_ShowChinese_12)
    i.OLED_ShowNumber                        0x08003238   Section        0  oled.o(i.OLED_ShowNumber)
    i.OLED_ShowString                        0x080032b0   Section        0  oled.o(i.OLED_ShowString)
    i.OLED_WR_Byte                           0x080032f0   Section        0  oled.o(i.OLED_WR_Byte)
    i.PendSV_Handler                         0x08003338   Section        0  stm32f1xx_it.o(i.PendSV_Handler)
    i.Position                               0x0800333c   Section        0  control.o(i.Position)
    i.Position_PID                           0x080033dc   Section        0  control.o(i.Position_PID)
    i.Pre_Position                           0x08003474   Section        0  control.o(i.Pre_Position)
    i.Read_Encoder                           0x080034bc   Section        0  tim.o(i.Read_Encoder)
    i.SVC_Handler                            0x080034e8   Section        0  stm32f1xx_it.o(i.SVC_Handler)
    i.Set_Pwm                                0x080034ec   Section        0  control.o(i.Set_Pwm)
    i.SysTick_Handler                        0x0800351c   Section        0  stm32f1xx_it.o(i.SysTick_Handler)
    i.SystemClock_Config                     0x08003520   Section        0  main.o(i.SystemClock_Config)
    i.SystemInit                             0x08003598   Section        0  system_stm32f1xx.o(i.SystemInit)
    i.TIM1_UP_IRQHandler                     0x0800359c   Section        0  stm32f1xx_it.o(i.TIM1_UP_IRQHandler)
    i.TIM_Base_SetConfig                     0x080035a8   Section        0  stm32f1xx_hal_tim.o(i.TIM_Base_SetConfig)
    i.TIM_CCxChannelCmd                      0x08003614   Section        0  stm32f1xx_hal_tim.o(i.TIM_CCxChannelCmd)
    i.TIM_ETR_SetConfig                      0x0800362e   Section        0  stm32f1xx_hal_tim.o(i.TIM_ETR_SetConfig)
    i.TIM_ITRx_SetConfig                     0x08003642   Section        0  stm32f1xx_hal_tim.o(i.TIM_ITRx_SetConfig)
    TIM_ITRx_SetConfig                       0x08003643   Thumb Code    16  stm32f1xx_hal_tim.o(i.TIM_ITRx_SetConfig)
    i.TIM_OC1_SetConfig                      0x08003654   Section        0  stm32f1xx_hal_tim.o(i.TIM_OC1_SetConfig)
    TIM_OC1_SetConfig                        0x08003655   Thumb Code    74  stm32f1xx_hal_tim.o(i.TIM_OC1_SetConfig)
    i.TIM_OC2_SetConfig                      0x080036a4   Section        0  stm32f1xx_hal_tim.o(i.TIM_OC2_SetConfig)
    i.TIM_OC3_SetConfig                      0x080036fc   Section        0  stm32f1xx_hal_tim.o(i.TIM_OC3_SetConfig)
    TIM_OC3_SetConfig                        0x080036fd   Thumb Code    82  stm32f1xx_hal_tim.o(i.TIM_OC3_SetConfig)
    i.TIM_OC4_SetConfig                      0x08003754   Section        0  stm32f1xx_hal_tim.o(i.TIM_OC4_SetConfig)
    TIM_OC4_SetConfig                        0x08003755   Thumb Code    64  stm32f1xx_hal_tim.o(i.TIM_OC4_SetConfig)
    i.TIM_TI1_ConfigInputStage               0x08003798   Section        0  stm32f1xx_hal_tim.o(i.TIM_TI1_ConfigInputStage)
    TIM_TI1_ConfigInputStage                 0x08003799   Thumb Code    34  stm32f1xx_hal_tim.o(i.TIM_TI1_ConfigInputStage)
    i.TIM_TI2_ConfigInputStage               0x080037ba   Section        0  stm32f1xx_hal_tim.o(i.TIM_TI2_ConfigInputStage)
    TIM_TI2_ConfigInputStage                 0x080037bb   Thumb Code    36  stm32f1xx_hal_tim.o(i.TIM_TI2_ConfigInputStage)
    i.Tips                                   0x080037e0   Section        0  check.o(i.Tips)
    i.Turn_Off                               0x08003a0c   Section        0  control.o(i.Turn_Off)
    i.UART_SetConfig                         0x08003a60   Section        0  stm32f1xx_hal_uart.o(i.UART_SetConfig)
    UART_SetConfig                           0x08003a61   Thumb Code   178  stm32f1xx_hal_uart.o(i.UART_SetConfig)
    i.UsageFault_Handler                     0x08003b18   Section        0  stm32f1xx_it.o(i.UsageFault_Handler)
    i.Xianfu_Pwm                             0x08003b1c   Section        0  control.o(i.Xianfu_Pwm)
    i.__NVIC_SetPriority                     0x08003b3c   Section        0  stm32f1xx_hal_cortex.o(i.__NVIC_SetPriority)
    __NVIC_SetPriority                       0x08003b3d   Thumb Code    32  stm32f1xx_hal_cortex.o(i.__NVIC_SetPriority)
    i.__scatterload_copy                     0x08003b5c   Section       14  handlers.o(i.__scatterload_copy)
    i.__scatterload_null                     0x08003b6a   Section        2  handlers.o(i.__scatterload_null)
    i.__scatterload_zeroinit                 0x08003b6c   Section       14  handlers.o(i.__scatterload_zeroinit)
    i.check_display                          0x08003b7c   Section        0  show.o(i.check_display)
    i.click                                  0x08003ce4   Section        0  key.o(i.click)
    i.click_N_Double                         0x08003d3c   Section        0  key.o(i.click_N_Double)
    i.fail_display                           0x08003dc8   Section        0  show.o(i.fail_display)
    i.main                                   0x08003e4c   Section        0  main.o(i.main)
    i.myabs                                  0x08003ea8   Section        0  control.o(i.myabs)
    i.oled_pow                               0x08003eb0   Section        0  oled.o(i.oled_pow)
    i.oled_show                              0x08003ec0   Section        0  show.o(i.oled_show)
    i.show_Tips                              0x08004274   Section        0  show.o(i.show_Tips)
    i.step_0                                 0x080043f2   Section        0  show.o(i.step_0)
    i.step_1                                 0x080045b8   Section        0  show.o(i.step_1)
    i.step_2                                 0x08004772   Section        0  show.o(i.step_2)
    i.step_3                                 0x08004950   Section        0  show.o(i.step_3)
    i.success_display                        0x08004a70   Section        0  show.o(i.success_display)
    .constdata                               0x08004b22   Section       16  system_stm32f1xx.o(.constdata)
    .constdata                               0x08004b32   Section        8  system_stm32f1xx.o(.constdata)
    .constdata                               0x08004b3c   Section    17236  oled.o(.constdata)
    .data                                    0x20000000   Section        1  main.o(.data)
    .data                                    0x20000001   Section        1  main.o(.data)
    .data                                    0x20000002   Section        1  main.o(.data)
    .data                                    0x20000004   Section        4  main.o(.data)
    .data                                    0x20000008   Section        4  main.o(.data)
    .data                                    0x2000000c   Section        4  main.o(.data)
    .data                                    0x20000010   Section        4  main.o(.data)
    .data                                    0x20000014   Section        4  main.o(.data)
    .data                                    0x20000018   Section        4  main.o(.data)
    .data                                    0x2000001c   Section        4  main.o(.data)
    .data                                    0x20000020   Section        4  main.o(.data)
    .data                                    0x20000024   Section        4  main.o(.data)
    .data                                    0x20000028   Section        4  main.o(.data)
    .data                                    0x2000002c   Section        1  main.o(.data)
    .data                                    0x2000002d   Section        1  main.o(.data)
    .data                                    0x20000030   Section        4  main.o(.data)
    .data                                    0x20000034   Section        4  main.o(.data)
    .data                                    0x20000038   Section        4  main.o(.data)
    .data                                    0x2000003c   Section        4  main.o(.data)
    .data                                    0x20000040   Section       12  stm32f1xx_hal.o(.data)
    .data                                    0x2000004c   Section        4  system_stm32f1xx.o(.data)
    .data                                    0x20000050   Section        4  led.o(.data)
    temp                                     0x20000050   Data           4  led.o(.data)
    .data                                    0x20000054   Section       16  key.o(.data)
    flag_key                                 0x20000054   Data           1  key.o(.data)
    count_key                                0x20000055   Data           1  key.o(.data)
    double_key                               0x20000056   Data           1  key.o(.data)
    flag_key                                 0x20000057   Data           1  key.o(.data)
    count_single                             0x20000058   Data           2  key.o(.data)
    Forever_count                            0x2000005a   Data           2  key.o(.data)
    Long_Press_count                         0x2000005c   Data           2  key.o(.data)
    Long_Press                               0x2000005e   Data           2  key.o(.data)
    Long_Press_count                         0x20000060   Data           2  key.o(.data)
    Long_Press                               0x20000062   Data           2  key.o(.data)
    .data                                    0x20000064   Section      132  control.o(.data)
    speed                                    0x20000069   Data           1  control.o(.data)
    help_count                               0x2000006a   Data           1  control.o(.data)
    pid_adjust                               0x2000006e   Data           2  control.o(.data)
    tmp                                      0x20000078   Data           4  control.o(.data)
    flag                                     0x2000007c   Data           4  control.o(.data)
    count                                    0x20000080   Data           4  control.o(.data)
    count                                    0x20000084   Data           4  control.o(.data)
    Bias                                     0x20000088   Data           4  control.o(.data)
    Pwm                                      0x2000008c   Data           4  control.o(.data)
    Last_bias                                0x20000090   Data           4  control.o(.data)
    Position_PWM                             0x20000094   Data           4  control.o(.data)
    Last_Position                            0x20000098   Data           4  control.o(.data)
    Position_Bias                            0x2000009c   Data           4  control.o(.data)
    Position_Differential                    0x200000a0   Data           4  control.o(.data)
    Speed_Buf                                0x200000e0   Data           8  control.o(.data)
    .data                                    0x200000e8   Section        2  show.o(.data)
    .data                                    0x200000ea   Section        2  check.o(.data)
    i                                        0x200000ea   Data           1  check.o(.data)
    count                                    0x200000eb   Data           1  check.o(.data)
    .bss                                     0x200000ec   Section       48  adc.o(.bss)
    .bss                                     0x2000011c   Section      216  tim.o(.bss)
    .bss                                     0x200001f4   Section       68  usart.o(.bss)
    .bss                                     0x20000238   Section     1024  oled.o(.bss)
    .bss                                     0x20000638   Section       42  datascope_dp.o(.bss)
    STACK                                    0x20000668   Section     1024  startup_stm32f103xb.o(STACK)

    Global Symbols

    Symbol Name                              Value     Ov Type        Size  Object(Section)

    BuildAttributes$$THM_ISAv4$P$D$K$B$S$PE$A:L22UL41UL21$X:L11$S22US41US21$IEEE1$IW$USESV6$~STKCKD$USESV7$~SHL$OTIME$ROPI$EBA8$MICROLIB$REQ8$PRES8$EABIv2 0x00000000   Number         0  anon$$obj.o ABSOLUTE
    __ARM_use_no_argv                        0x00000000   Number         0  main.o ABSOLUTE
    __arm_fini_                               - Undefined Weak Reference
    __cpp_initialize__aeabi_                  - Undefined Weak Reference
    __cxa_finalize                            - Undefined Weak Reference
    __decompress                              - Undefined Weak Reference
    _clock_init                               - Undefined Weak Reference
    _microlib_exit                            - Undefined Weak Reference
    __Vectors_Size                           0x000000ec   Number         0  startup_stm32f103xb.o ABSOLUTE
    __Vectors                                0x08000000   Data           4  startup_stm32f103xb.o(RESET)
    __Vectors_End                            0x080000ec   Data           0  startup_stm32f103xb.o(RESET)
    __main                                   0x080000ed   Thumb Code     0  entry.o(.ARM.Collect$$$$00000000)
    _main_stk                                0x080000ed   Thumb Code     0  entry2.o(.ARM.Collect$$$$00000001)
    _main_scatterload                        0x080000f1   Thumb Code     0  entry5.o(.ARM.Collect$$$$00000004)
    __main_after_scatterload                 0x080000f5   Thumb Code     0  entry5.o(.ARM.Collect$$$$00000004)
    _main_clock                              0x080000f5   Thumb Code     0  entry7b.o(.ARM.Collect$$$$00000008)
    _main_cpp_init                           0x080000f5   Thumb Code     0  entry8b.o(.ARM.Collect$$$$0000000A)
    _main_init                               0x080000f5   Thumb Code     0  entry9a.o(.ARM.Collect$$$$0000000B)
    __rt_lib_shutdown_fini                   0x080000fd   Thumb Code     0  entry12b.o(.ARM.Collect$$$$0000000E)
    __rt_final_cpp                           0x08000101   Thumb Code     0  entry10a.o(.ARM.Collect$$$$0000000F)
    __rt_final_exit                          0x08000101   Thumb Code     0  entry11a.o(.ARM.Collect$$$$00000011)
    Reset_Handler                            0x08000105   Thumb Code     8  startup_stm32f103xb.o(.text)
    ADC1_2_IRQHandler                        0x0800011f   Thumb Code     0  startup_stm32f103xb.o(.text)
    CAN1_RX1_IRQHandler                      0x0800011f   Thumb Code     0  startup_stm32f103xb.o(.text)
    CAN1_SCE_IRQHandler                      0x0800011f   Thumb Code     0  startup_stm32f103xb.o(.text)
    DMA1_Channel1_IRQHandler                 0x0800011f   Thumb Code     0  startup_stm32f103xb.o(.text)
    DMA1_Channel2_IRQHandler                 0x0800011f   Thumb Code     0  startup_stm32f103xb.o(.text)
    DMA1_Channel3_IRQHandler                 0x0800011f   Thumb Code     0  startup_stm32f103xb.o(.text)
    DMA1_Channel4_IRQHandler                 0x0800011f   Thumb Code     0  startup_stm32f103xb.o(.text)
    DMA1_Channel5_IRQHandler                 0x0800011f   Thumb Code     0  startup_stm32f103xb.o(.text)
    DMA1_Channel6_IRQHandler                 0x0800011f   Thumb Code     0  startup_stm32f103xb.o(.text)
    DMA1_Channel7_IRQHandler                 0x0800011f   Thumb Code     0  startup_stm32f103xb.o(.text)
    EXTI0_IRQHandler                         0x0800011f   Thumb Code     0  startup_stm32f103xb.o(.text)
    EXTI1_IRQHandler                         0x0800011f   Thumb Code     0  startup_stm32f103xb.o(.text)
    EXTI2_IRQHandler                         0x0800011f   Thumb Code     0  startup_stm32f103xb.o(.text)
    EXTI3_IRQHandler                         0x0800011f   Thumb Code     0  startup_stm32f103xb.o(.text)
    EXTI4_IRQHandler                         0x0800011f   Thumb Code     0  startup_stm32f103xb.o(.text)
    FLASH_IRQHandler                         0x0800011f   Thumb Code     0  startup_stm32f103xb.o(.text)
    I2C1_ER_IRQHandler                       0x0800011f   Thumb Code     0  startup_stm32f103xb.o(.text)
    I2C1_EV_IRQHandler                       0x0800011f   Thumb Code     0  startup_stm32f103xb.o(.text)
    I2C2_ER_IRQHandler                       0x0800011f   Thumb Code     0  startup_stm32f103xb.o(.text)
    I2C2_EV_IRQHandler                       0x0800011f   Thumb Code     0  startup_stm32f103xb.o(.text)
    PVD_IRQHandler                           0x0800011f   Thumb Code     0  startup_stm32f103xb.o(.text)
    RCC_IRQHandler                           0x0800011f   Thumb Code     0  startup_stm32f103xb.o(.text)
    RTC_Alarm_IRQHandler                     0x0800011f   Thumb Code     0  startup_stm32f103xb.o(.text)
    RTC_IRQHandler                           0x0800011f   Thumb Code     0  startup_stm32f103xb.o(.text)
    SPI1_IRQHandler                          0x0800011f   Thumb Code     0  startup_stm32f103xb.o(.text)
    SPI2_IRQHandler                          0x0800011f   Thumb Code     0  startup_stm32f103xb.o(.text)
    TAMPER_IRQHandler                        0x0800011f   Thumb Code     0  startup_stm32f103xb.o(.text)
    TIM1_BRK_IRQHandler                      0x0800011f   Thumb Code     0  startup_stm32f103xb.o(.text)
    TIM1_CC_IRQHandler                       0x0800011f   Thumb Code     0  startup_stm32f103xb.o(.text)
    TIM1_TRG_COM_IRQHandler                  0x0800011f   Thumb Code     0  startup_stm32f103xb.o(.text)
    TIM2_IRQHandler                          0x0800011f   Thumb Code     0  startup_stm32f103xb.o(.text)
    TIM3_IRQHandler                          0x0800011f   Thumb Code     0  startup_stm32f103xb.o(.text)
    TIM4_IRQHandler                          0x0800011f   Thumb Code     0  startup_stm32f103xb.o(.text)
    USART1_IRQHandler                        0x0800011f   Thumb Code     0  startup_stm32f103xb.o(.text)
    USART2_IRQHandler                        0x0800011f   Thumb Code     0  startup_stm32f103xb.o(.text)
    USART3_IRQHandler                        0x0800011f   Thumb Code     0  startup_stm32f103xb.o(.text)
    USBWakeUp_IRQHandler                     0x0800011f   Thumb Code     0  startup_stm32f103xb.o(.text)
    USB_HP_CAN1_TX_IRQHandler                0x0800011f   Thumb Code     0  startup_stm32f103xb.o(.text)
    USB_LP_CAN1_RX0_IRQHandler               0x0800011f   Thumb Code     0  startup_stm32f103xb.o(.text)
    WWDG_IRQHandler                          0x0800011f   Thumb Code     0  startup_stm32f103xb.o(.text)
    __aeabi_llsr                             0x08000129   Thumb Code    32  llushr.o(.text)
    _ll_ushift_r                             0x08000129   Thumb Code     0  llushr.o(.text)
    __aeabi_memset                           0x08000149   Thumb Code    14  memseta.o(.text)
    __aeabi_memset4                          0x08000149   Thumb Code     0  memseta.o(.text)
    __aeabi_memset8                          0x08000149   Thumb Code     0  memseta.o(.text)
    __aeabi_memclr                           0x08000157   Thumb Code     4  memseta.o(.text)
    __aeabi_memclr4                          0x08000157   Thumb Code     0  memseta.o(.text)
    __aeabi_memclr8                          0x08000157   Thumb Code     0  memseta.o(.text)
    _memset$wrapper                          0x0800015b   Thumb Code    18  memseta.o(.text)
    __aeabi_fadd                             0x0800016d   Thumb Code   164  fadd.o(.text)
    __aeabi_fsub                             0x08000211   Thumb Code     6  fadd.o(.text)
    __aeabi_frsub                            0x08000217   Thumb Code     6  fadd.o(.text)
    __aeabi_fmul                             0x0800021d   Thumb Code   100  fmul.o(.text)
    __aeabi_fdiv                             0x08000281   Thumb Code   124  fdiv.o(.text)
    __aeabi_dadd                             0x080002fd   Thumb Code   322  dadd.o(.text)
    __aeabi_dsub                             0x0800043f   Thumb Code     6  dadd.o(.text)
    __aeabi_drsub                            0x08000445   Thumb Code     6  dadd.o(.text)
    __aeabi_dmul                             0x0800044b   Thumb Code   228  dmul.o(.text)
    __ARM_scalbn                             0x0800052f   Thumb Code    46  dscalb.o(.text)
    scalbn                                   0x0800052f   Thumb Code     0  dscalb.o(.text)
    __aeabi_i2f                              0x0800055d   Thumb Code    18  fflti.o(.text)
    __aeabi_ui2f                             0x0800056f   Thumb Code    10  ffltui.o(.text)
    __aeabi_ui2d                             0x08000579   Thumb Code    26  dfltui.o(.text)
    __aeabi_f2iz                             0x08000593   Thumb Code    50  ffixi.o(.text)
    __aeabi_f2uiz                            0x080005c5   Thumb Code    40  ffixui.o(.text)
    __aeabi_d2iz                             0x080005ed   Thumb Code    62  dfixi.o(.text)
    __aeabi_f2d                              0x0800062b   Thumb Code    38  f2d.o(.text)
    __aeabi_d2f                              0x08000651   Thumb Code    56  d2f.o(.text)
    __aeabi_llsl                             0x08000689   Thumb Code    30  llshl.o(.text)
    _ll_shift_l                              0x08000689   Thumb Code     0  llshl.o(.text)
    __aeabi_lasr                             0x080006a7   Thumb Code    36  llsshr.o(.text)
    _ll_sshift_r                             0x080006a7   Thumb Code     0  llsshr.o(.text)
    __I$use$fp                               0x080006cb   Thumb Code     0  iusefp.o(.text)
    _float_round                             0x080006cb   Thumb Code    18  fepilogue.o(.text)
    _float_epilogue                          0x080006dd   Thumb Code    92  fepilogue.o(.text)
    _double_round                            0x08000739   Thumb Code    30  depilogue.o(.text)
    _double_epilogue                         0x08000757   Thumb Code   156  depilogue.o(.text)
    __scatterload                            0x080007f5   Thumb Code    28  init.o(.text)
    __scatterload_rt2                        0x080007f5   Thumb Code     0  init.o(.text)
    ADC_ConversionStop_Disable               0x08000819   Thumb Code    86  stm32f1xx_hal_adc.o(i.ADC_ConversionStop_Disable)
    ADC_Enable                               0x08000871   Thumb Code   114  stm32f1xx_hal_adc.o(i.ADC_Enable)
    Auto_run                                 0x080008ed   Thumb Code   592  control.o(i.Auto_run)
    Balance                                  0x08000ba9   Thumb Code    62  control.o(i.Balance)
    BusFault_Handler                         0x08000bf9   Thumb Code     2  stm32f1xx_it.o(i.BusFault_Handler)
    DataScope                                0x08000bfd   Thumb Code    78  show.o(i.DataScope)
    DataScope_Data_Generate                  0x08000c61   Thumb Code   124  datascope_dp.o(i.DataScope_Data_Generate)
    DataScope_Get_Channel_Data               0x08000ce1   Thumb Code    78  datascope_dp.o(i.DataScope_Get_Channel_Data)
    DebugMon_Handler                         0x08000d35   Thumb Code     2  stm32f1xx_it.o(i.DebugMon_Handler)
    EXTI15_10_IRQHandler                     0x08000d37   Thumb Code    22  stm32f1xx_it.o(i.EXTI15_10_IRQHandler)
    EXTI9_5_IRQHandler                       0x08000d4d   Thumb Code    18  stm32f1xx_it.o(i.EXTI9_5_IRQHandler)
    Error_Handler                            0x08000d5f   Thumb Code     4  main.o(i.Error_Handler)
    Find_Zero                                0x08000d65   Thumb Code   206  control.o(i.Find_Zero)
    Float2Byte                               0x08000e61   Thumb Code    20  datascope_dp.o(i.Float2Byte)
    Get_Adc                                  0x08000e75   Thumb Code    58  adc.o(i.Get_Adc)
    Get_Adc_Average                          0x08000eb5   Thumb Code    40  adc.o(i.Get_Adc_Average)
    Get_D_Angle_Balance                      0x08000edd   Thumb Code    48  control.o(i.Get_D_Angle_Balance)
    Get_battery_volt                         0x08000f15   Thumb Code    54  adc.o(i.Get_battery_volt)
    HAL_ADCEx_Calibration_Start              0x08000f59   Thumb Code   210  stm32f1xx_hal_adc_ex.o(i.HAL_ADCEx_Calibration_Start)
    HAL_ADC_ConfigChannel                    0x08001031   Thumb Code   240  stm32f1xx_hal_adc.o(i.HAL_ADC_ConfigChannel)
    HAL_ADC_GetValue                         0x0800112d   Thumb Code     6  stm32f1xx_hal_adc.o(i.HAL_ADC_GetValue)
    HAL_ADC_Init                             0x08001135   Thumb Code   272  stm32f1xx_hal_adc.o(i.HAL_ADC_Init)
    HAL_ADC_MspInit                          0x08001251   Thumb Code    82  adc.o(i.HAL_ADC_MspInit)
    HAL_ADC_PollForConversion                0x080012b5   Thumb Code   304  stm32f1xx_hal_adc.o(i.HAL_ADC_PollForConversion)
    HAL_ADC_Start                            0x080013f1   Thumb Code   184  stm32f1xx_hal_adc.o(i.HAL_ADC_Start)
    HAL_Delay                                0x080014b1   Thumb Code    32  stm32f1xx_hal.o(i.HAL_Delay)
    HAL_GPIO_EXTI_Callback                   0x080014d5   Thumb Code   312  gpio.o(i.HAL_GPIO_EXTI_Callback)
    HAL_GPIO_EXTI_IRQHandler                 0x08001641   Thumb Code    18  stm32f1xx_hal_gpio.o(i.HAL_GPIO_EXTI_IRQHandler)
    HAL_GPIO_Init                            0x08001659   Thumb Code   446  stm32f1xx_hal_gpio.o(i.HAL_GPIO_Init)
    HAL_GPIO_WritePin                        0x08001839   Thumb Code    10  stm32f1xx_hal_gpio.o(i.HAL_GPIO_WritePin)
    HAL_GetTick                              0x08001845   Thumb Code     6  stm32f1xx_hal.o(i.HAL_GetTick)
    HAL_IncTick                              0x08001851   Thumb Code    12  stm32f1xx_hal.o(i.HAL_IncTick)
    HAL_Init                                 0x08001861   Thumb Code    32  stm32f1xx_hal.o(i.HAL_Init)
    HAL_InitTick                             0x08001885   Thumb Code    54  stm32f1xx_hal.o(i.HAL_InitTick)
    HAL_MspInit                              0x080018c5   Thumb Code    58  stm32f1xx_hal_msp.o(i.HAL_MspInit)
    HAL_NVIC_EnableIRQ                       0x08001909   Thumb Code    26  stm32f1xx_hal_cortex.o(i.HAL_NVIC_EnableIRQ)
    HAL_NVIC_SetPriority                     0x08001925   Thumb Code    60  stm32f1xx_hal_cortex.o(i.HAL_NVIC_SetPriority)
    HAL_NVIC_SetPriorityGrouping             0x08001965   Thumb Code    26  stm32f1xx_hal_cortex.o(i.HAL_NVIC_SetPriorityGrouping)
    HAL_RCCEx_GetPeriphCLKFreq               0x08001989   Thumb Code   166  stm32f1xx_hal_rcc_ex.o(i.HAL_RCCEx_GetPeriphCLKFreq)
    HAL_RCCEx_PeriphCLKConfig                0x08001a51   Thumb Code   224  stm32f1xx_hal_rcc_ex.o(i.HAL_RCCEx_PeriphCLKConfig)
    HAL_RCC_ClockConfig                      0x08001b3d   Thumb Code   280  stm32f1xx_hal_rcc.o(i.HAL_RCC_ClockConfig)
    HAL_RCC_GetPCLK1Freq                     0x08001c69   Thumb Code    20  stm32f1xx_hal_rcc.o(i.HAL_RCC_GetPCLK1Freq)
    HAL_RCC_GetPCLK2Freq                     0x08001c89   Thumb Code    20  stm32f1xx_hal_rcc.o(i.HAL_RCC_GetPCLK2Freq)
    HAL_RCC_GetSysClockFreq                  0x08001ca9   Thumb Code    74  stm32f1xx_hal_rcc.o(i.HAL_RCC_GetSysClockFreq)
    HAL_RCC_OscConfig                        0x08001d15   Thumb Code   778  stm32f1xx_hal_rcc.o(i.HAL_RCC_OscConfig)
    HAL_SYSTICK_Config                       0x08002035   Thumb Code    40  stm32f1xx_hal_cortex.o(i.HAL_SYSTICK_Config)
    HAL_TIMEx_BreakCallback                  0x0800205d   Thumb Code     2  stm32f1xx_hal_tim_ex.o(i.HAL_TIMEx_BreakCallback)
    HAL_TIMEx_CommutCallback                 0x0800205f   Thumb Code     2  stm32f1xx_hal_tim_ex.o(i.HAL_TIMEx_CommutCallback)
    HAL_TIMEx_MasterConfigSynchronization    0x08002061   Thumb Code    92  stm32f1xx_hal_tim_ex.o(i.HAL_TIMEx_MasterConfigSynchronization)
    HAL_TIM_Base_Init                        0x080020c9   Thumb Code    90  stm32f1xx_hal_tim.o(i.HAL_TIM_Base_Init)
    HAL_TIM_Base_MspInit                     0x08002125   Thumb Code    72  tim.o(i.HAL_TIM_Base_MspInit)
    HAL_TIM_Base_Start_IT                    0x08002179   Thumb Code    76  stm32f1xx_hal_tim.o(i.HAL_TIM_Base_Start_IT)
    HAL_TIM_ConfigClockSource                0x080021d1   Thumb Code   214  stm32f1xx_hal_tim.o(i.HAL_TIM_ConfigClockSource)
    HAL_TIM_Encoder_Init                     0x080022a7   Thumb Code   164  stm32f1xx_hal_tim.o(i.HAL_TIM_Encoder_Init)
    HAL_TIM_Encoder_MspInit                  0x0800234d   Thumb Code    72  tim.o(i.HAL_TIM_Encoder_MspInit)
    HAL_TIM_Encoder_Start                    0x080023a1   Thumb Code   142  stm32f1xx_hal_tim.o(i.HAL_TIM_Encoder_Start)
    HAL_TIM_IC_CaptureCallback               0x0800242f   Thumb Code     2  stm32f1xx_hal_tim.o(i.HAL_TIM_IC_CaptureCallback)
    HAL_TIM_IRQHandler                       0x08002431   Thumb Code   358  stm32f1xx_hal_tim.o(i.HAL_TIM_IRQHandler)
    HAL_TIM_MspPostInit                      0x08002599   Thumb Code    62  tim.o(i.HAL_TIM_MspPostInit)
    HAL_TIM_OC_DelayElapsedCallback          0x080025e5   Thumb Code     2  stm32f1xx_hal_tim.o(i.HAL_TIM_OC_DelayElapsedCallback)
    HAL_TIM_PWM_ConfigChannel                0x080025e7   Thumb Code   198  stm32f1xx_hal_tim.o(i.HAL_TIM_PWM_ConfigChannel)
    HAL_TIM_PWM_Init                         0x080026ad   Thumb Code    90  stm32f1xx_hal_tim.o(i.HAL_TIM_PWM_Init)
    HAL_TIM_PWM_MspInit                      0x08002707   Thumb Code     2  stm32f1xx_hal_tim.o(i.HAL_TIM_PWM_MspInit)
    HAL_TIM_PWM_PulseFinishedCallback        0x08002709   Thumb Code     2  stm32f1xx_hal_tim.o(i.HAL_TIM_PWM_PulseFinishedCallback)
    HAL_TIM_PWM_Start                        0x0800270d   Thumb Code   144  stm32f1xx_hal_tim.o(i.HAL_TIM_PWM_Start)
    HAL_TIM_PeriodElapsedCallback            0x080027a9   Thumb Code   334  control.o(i.HAL_TIM_PeriodElapsedCallback)
    HAL_TIM_TriggerCallback                  0x08002929   Thumb Code     2  stm32f1xx_hal_tim.o(i.HAL_TIM_TriggerCallback)
    HAL_UART_Init                            0x0800292b   Thumb Code    98  stm32f1xx_hal_uart.o(i.HAL_UART_Init)
    HAL_UART_MspInit                         0x0800298d   Thumb Code   100  usart.o(i.HAL_UART_MspInit)
    HardFault_Handler                        0x080029fd   Thumb Code     2  stm32f1xx_it.o(i.HardFault_Handler)
    Incremental_PI                           0x08002a01   Thumb Code    76  control.o(i.Incremental_PI)
    JTAG_Set                                 0x08002a59   Thumb Code    30  main.o(i.JTAG_Set)
    Key                                      0x08002a81   Thumb Code   136  control.o(i.Key)
    Led_Flash                                0x08002b19   Thumb Code    40  led.o(i.Led_Flash)
    Long_Press                               0x08002b49   Thumb Code    52  key.o(i.Long_Press)
    Long_Press_KEY2                          0x08002b85   Thumb Code    52  key.o(i.Long_Press_KEY2)
    MX_ADC1_Init                             0x08002bc1   Thumb Code    70  adc.o(i.MX_ADC1_Init)
    MX_GPIO_Init                             0x08002c11   Thumb Code   256  gpio.o(i.MX_GPIO_Init)
    MX_TIM1_Init                             0x08002d21   Thumb Code   106  tim.o(i.MX_TIM1_Init)
    MX_TIM3_Init                             0x08002d95   Thumb Code   150  tim.o(i.MX_TIM3_Init)
    MX_TIM4_Init                             0x08002e35   Thumb Code   116  tim.o(i.MX_TIM4_Init)
    MX_USART1_UART_Init                      0x08002eb1   Thumb Code    48  usart.o(i.MX_USART1_UART_Init)
    Mean_Filter                              0x08002ee9   Thumb Code    58  control.o(i.Mean_Filter)
    MemManage_Handler                        0x08002f29   Thumb Code     2  stm32f1xx_it.o(i.MemManage_Handler)
    NMI_Handler                              0x08002f2b   Thumb Code     2  stm32f1xx_it.o(i.NMI_Handler)
    OLED_Clear                               0x08002f2d   Thumb Code    40  oled.o(i.OLED_Clear)
    OLED_DrawPoint                           0x08002f59   Thumb Code    54  oled.o(i.OLED_DrawPoint)
    OLED_Init                                0x08002f95   Thumb Code   232  oled.o(i.OLED_Init)
    OLED_Refresh_Gram                        0x08003081   Thumb Code    70  oled.o(i.OLED_Refresh_Gram)
    OLED_ShowChar                            0x080030cd   Thumb Code   134  oled.o(i.OLED_ShowChar)
    OLED_ShowChinese                         0x0800315d   Thumb Code   102  oled.o(i.OLED_ShowChinese)
    OLED_ShowChinese_12                      0x080031c9   Thumb Code   106  oled.o(i.OLED_ShowChinese_12)
    OLED_ShowNumber                          0x08003239   Thumb Code   120  oled.o(i.OLED_ShowNumber)
    OLED_ShowString                          0x080032b1   Thumb Code    62  oled.o(i.OLED_ShowString)
    OLED_WR_Byte                             0x080032f1   Thumb Code    64  oled.o(i.OLED_WR_Byte)
    PendSV_Handler                           0x08003339   Thumb Code     2  stm32f1xx_it.o(i.PendSV_Handler)
    Position                                 0x0800333d   Thumb Code   132  control.o(i.Position)
    Position_PID                             0x080033dd   Thumb Code   128  control.o(i.Position_PID)
    Pre_Position                             0x08003475   Thumb Code    54  control.o(i.Pre_Position)
    Read_Encoder                             0x080034bd   Thumb Code    36  tim.o(i.Read_Encoder)
    SVC_Handler                              0x080034e9   Thumb Code     2  stm32f1xx_it.o(i.SVC_Handler)
    Set_Pwm                                  0x080034ed   Thumb Code    40  control.o(i.Set_Pwm)
    SysTick_Handler                          0x0800351d   Thumb Code     4  stm32f1xx_it.o(i.SysTick_Handler)
    SystemClock_Config                       0x08003521   Thumb Code   120  main.o(i.SystemClock_Config)
    SystemInit                               0x08003599   Thumb Code     2  system_stm32f1xx.o(i.SystemInit)
    TIM1_UP_IRQHandler                       0x0800359d   Thumb Code     6  stm32f1xx_it.o(i.TIM1_UP_IRQHandler)
    TIM_Base_SetConfig                       0x080035a9   Thumb Code    94  stm32f1xx_hal_tim.o(i.TIM_Base_SetConfig)
    TIM_CCxChannelCmd                        0x08003615   Thumb Code    26  stm32f1xx_hal_tim.o(i.TIM_CCxChannelCmd)
    TIM_ETR_SetConfig                        0x0800362f   Thumb Code    20  stm32f1xx_hal_tim.o(i.TIM_ETR_SetConfig)
    TIM_OC2_SetConfig                        0x080036a5   Thumb Code    84  stm32f1xx_hal_tim.o(i.TIM_OC2_SetConfig)
    Tips                                     0x080037e1   Thumb Code   524  check.o(i.Tips)
    Turn_Off                                 0x08003a0d   Thumb Code    62  control.o(i.Turn_Off)
    UsageFault_Handler                       0x08003b19   Thumb Code     2  stm32f1xx_it.o(i.UsageFault_Handler)
    Xianfu_Pwm                               0x08003b1d   Thumb Code    26  control.o(i.Xianfu_Pwm)
    __scatterload_copy                       0x08003b5d   Thumb Code    14  handlers.o(i.__scatterload_copy)
    __scatterload_null                       0x08003b6b   Thumb Code     2  handlers.o(i.__scatterload_null)
    __scatterload_zeroinit                   0x08003b6d   Thumb Code    14  handlers.o(i.__scatterload_zeroinit)
    check_display                            0x08003b7d   Thumb Code   354  show.o(i.check_display)
    click                                    0x08003ce5   Thumb Code    78  key.o(i.click)
    click_N_Double                           0x08003d3d   Thumb Code   132  key.o(i.click_N_Double)
    fail_display                             0x08003dc9   Thumb Code   130  show.o(i.fail_display)
    main                                     0x08003e4d   Thumb Code    86  main.o(i.main)
    myabs                                    0x08003ea9   Thumb Code     8  control.o(i.myabs)
    oled_pow                                 0x08003eb1   Thumb Code    16  oled.o(i.oled_pow)
    oled_show                                0x08003ec1   Thumb Code   820  show.o(i.oled_show)
    show_Tips                                0x08004275   Thumb Code   382  show.o(i.show_Tips)
    step_0                                   0x080043f3   Thumb Code   454  show.o(i.step_0)
    step_1                                   0x080045b9   Thumb Code   442  show.o(i.step_1)
    step_2                                   0x08004773   Thumb Code   478  show.o(i.step_2)
    step_3                                   0x08004951   Thumb Code   282  show.o(i.step_3)
    success_display                          0x08004a71   Thumb Code   178  show.o(i.success_display)
    AHBPrescTable                            0x08004b22   Data          16  system_stm32f1xx.o(.constdata)
    APBPrescTable                            0x08004b32   Data           8  system_stm32f1xx.o(.constdata)
    oled_asc2_1206                           0x08004b3c   Data        1140  oled.o(.constdata)
    oled_asc2_1608                           0x08004fb0   Data        1520  oled.o(.constdata)
    asc2_Chinese                             0x080055a0   Data        2816  oled.o(.constdata)
    asc2_Chinese_12                          0x080060a0   Data       11760  oled.o(.constdata)
    Region$$Table$$Base                      0x08008e90   Number         0  anon$$obj.o(Region$$Table)
    Region$$Table$$Limit                     0x08008eb0   Number         0  anon$$obj.o(Region$$Table)
    Flag_Stop                                0x20000000   Data           1  main.o(.data)
    system_start                             0x20000001   Data           1  main.o(.data)
    tips_flag                                0x20000002   Data           1  main.o(.data)
    Position_Zero                            0x20000004   Data           4  main.o(.data)
    Balance_KP                               0x20000008   Data           4  main.o(.data)
    Balance_KD                               0x2000000c   Data           4  main.o(.data)
    Position_KP                              0x20000010   Data           4  main.o(.data)
    Position_KD                              0x20000014   Data           4  main.o(.data)
    Menu                                     0x20000018   Data           4  main.o(.data)
    Amplitude1                               0x2000001c   Data           4  main.o(.data)
    Amplitude2                               0x20000020   Data           4  main.o(.data)
    Amplitude3                               0x20000024   Data           4  main.o(.data)
    Amplitude4                               0x20000028   Data           4  main.o(.data)
    delay_50                                 0x2000002c   Data           1  main.o(.data)
    delay_flag                               0x2000002d   Data           1  main.o(.data)
    Encoder                                  0x20000030   Data           4  main.o(.data)
    Moto                                     0x20000034   Data           4  main.o(.data)
    Voltage                                  0x20000038   Data           4  main.o(.data)
    Angle_Balance                            0x2000003c   Data           4  main.o(.data)
    uwTickFreq                               0x20000040   Data           1  stm32f1xx_hal.o(.data)
    uwTickPrio                               0x20000044   Data           4  stm32f1xx_hal.o(.data)
    uwTick                                   0x20000048   Data           4  stm32f1xx_hal.o(.data)
    SystemCoreClock                          0x2000004c   Data           4  system_stm32f1xx.o(.data)
    Swing_up                                 0x20000064   Data           1  control.o(.data)
    auto_run                                 0x20000065   Data           1  control.o(.data)
    autorun_step0                            0x20000066   Data           1  control.o(.data)
    autorun_step1                            0x20000067   Data           1  control.o(.data)
    success_flag                             0x20000068   Data           1  control.o(.data)
    Position_Target                          0x2000006b   Data           1  control.o(.data)
    left                                     0x2000006c   Data           1  control.o(.data)
    right                                    0x2000006d   Data           1  control.o(.data)
    success_count                            0x20000070   Data           4  control.o(.data)
    wait_count                               0x20000074   Data           4  control.o(.data)
    Balance_Pwm                              0x200000a4   Data           4  control.o(.data)
    Position_Pwm                             0x200000a8   Data           4  control.o(.data)
    Bias                                     0x200000ac   Data           4  control.o(.data)
    Last_Bias                                0x200000b0   Data           4  control.o(.data)
    D_Bias                                   0x200000b4   Data           4  control.o(.data)
    balance                                  0x200000b8   Data           4  control.o(.data)
    Position_PWM                             0x200000bc   Data           4  control.o(.data)
    Last_Position                            0x200000c0   Data           4  control.o(.data)
    Position_Bias                            0x200000c4   Data           4  control.o(.data)
    Position_Differential                    0x200000c8   Data           4  control.o(.data)
    Position_Least                           0x200000cc   Data           4  control.o(.data)
    Target_Position                          0x200000d0   Data           4  control.o(.data)
    D_Angle_Balance                          0x200000d4   Data           4  control.o(.data)
    D_Count                                  0x200000d8   Data           4  control.o(.data)
    Last_Angle_Balance                       0x200000dc   Data           4  control.o(.data)
    i                                        0x200000e8   Data           1  show.o(.data)
    Send_Count                               0x200000e9   Data           1  show.o(.data)
    hadc1                                    0x200000ec   Data          48  adc.o(.bss)
    htim1                                    0x2000011c   Data          72  tim.o(.bss)
    htim3                                    0x20000164   Data          72  tim.o(.bss)
    htim4                                    0x200001ac   Data          72  tim.o(.bss)
    huart1                                   0x200001f4   Data          68  usart.o(.bss)
    OLED_GRAM                                0x20000238   Data        1024  oled.o(.bss)
    DataScope_OutPut_Buffer                  0x20000638   Data          42  datascope_dp.o(.bss)
    __initial_sp                             0x20000a68   Data           0  startup_stm32f103xb.o(STACK)



==============================================================================

Memory Map of the image

  Image Entry point : 0x080000ed

  Load Region LR_IROM1 (Base: 0x08000000, Size: 0x00008f9c, Max: 0x00010000, ABSOLUTE)

    Execution Region ER_IROM1 (Exec base: 0x08000000, Load base: 0x08000000, Size: 0x00008eb0, Max: 0x00010000, ABSOLUTE)

    Exec Addr    Load Addr    Size         Type   Attr      Idx    E Section Name        Object

    0x08000000   0x08000000   0x000000ec   Data   RO            3    RESET               startup_stm32f103xb.o
    0x080000ec   0x080000ec   0x00000000   Code   RO         3619  * .ARM.Collect$$$$00000000  mc_w.l(entry.o)
    0x080000ec   0x080000ec   0x00000004   Code   RO         3654    .ARM.Collect$$$$00000001  mc_w.l(entry2.o)
    0x080000f0   0x080000f0   0x00000004   Code   RO         3657    .ARM.Collect$$$$00000004  mc_w.l(entry5.o)
    0x080000f4   0x080000f4   0x00000000   Code   RO         3659    .ARM.Collect$$$$00000008  mc_w.l(entry7b.o)
    0x080000f4   0x080000f4   0x00000000   Code   RO         3661    .ARM.Collect$$$$0000000A  mc_w.l(entry8b.o)
    0x080000f4   0x080000f4   0x00000008   Code   RO         3662    .ARM.Collect$$$$0000000B  mc_w.l(entry9a.o)
    0x080000fc   0x080000fc   0x00000004   Code   RO         3669    .ARM.Collect$$$$0000000E  mc_w.l(entry12b.o)
    0x08000100   0x08000100   0x00000000   Code   RO         3664    .ARM.Collect$$$$0000000F  mc_w.l(entry10a.o)
    0x08000100   0x08000100   0x00000000   Code   RO         3666    .ARM.Collect$$$$00000011  mc_w.l(entry11a.o)
    0x08000100   0x08000100   0x00000004   Code   RO         3655    .ARM.Collect$$$$00002712  mc_w.l(entry2.o)
    0x08000104   0x08000104   0x00000024   Code   RO            4    .text               startup_stm32f103xb.o
    0x08000128   0x08000128   0x00000020   Code   RO         3622    .text               mc_w.l(llushr.o)
    0x08000148   0x08000148   0x00000024   Code   RO         3624    .text               mc_w.l(memseta.o)
    0x0800016c   0x0800016c   0x000000b0   Code   RO         3626    .text               mf_w.l(fadd.o)
    0x0800021c   0x0800021c   0x00000064   Code   RO         3628    .text               mf_w.l(fmul.o)
    0x08000280   0x08000280   0x0000007c   Code   RO         3630    .text               mf_w.l(fdiv.o)
    0x080002fc   0x080002fc   0x0000014e   Code   RO         3632    .text               mf_w.l(dadd.o)
    0x0800044a   0x0800044a   0x000000e4   Code   RO         3634    .text               mf_w.l(dmul.o)
    0x0800052e   0x0800052e   0x0000002e   Code   RO         3636    .text               mf_w.l(dscalb.o)
    0x0800055c   0x0800055c   0x00000012   Code   RO         3638    .text               mf_w.l(fflti.o)
    0x0800056e   0x0800056e   0x0000000a   Code   RO         3640    .text               mf_w.l(ffltui.o)
    0x08000578   0x08000578   0x0000001a   Code   RO         3642    .text               mf_w.l(dfltui.o)
    0x08000592   0x08000592   0x00000032   Code   RO         3644    .text               mf_w.l(ffixi.o)
    0x080005c4   0x080005c4   0x00000028   Code   RO         3646    .text               mf_w.l(ffixui.o)
    0x080005ec   0x080005ec   0x0000003e   Code   RO         3648    .text               mf_w.l(dfixi.o)
    0x0800062a   0x0800062a   0x00000026   Code   RO         3650    .text               mf_w.l(f2d.o)
    0x08000650   0x08000650   0x00000038   Code   RO         3652    .text               mf_w.l(d2f.o)
    0x08000688   0x08000688   0x0000001e   Code   RO         3670    .text               mc_w.l(llshl.o)
    0x080006a6   0x080006a6   0x00000024   Code   RO         3672    .text               mc_w.l(llsshr.o)
    0x080006ca   0x080006ca   0x00000000   Code   RO         3674    .text               mc_w.l(iusefp.o)
    0x080006ca   0x080006ca   0x0000006e   Code   RO         3675    .text               mf_w.l(fepilogue.o)
    0x08000738   0x08000738   0x000000ba   Code   RO         3677    .text               mf_w.l(depilogue.o)
    0x080007f2   0x080007f2   0x00000002   PAD
    0x080007f4   0x080007f4   0x00000024   Code   RO         3679    .text               mc_w.l(init.o)
    0x08000818   0x08000818   0x00000056   Code   RO          576    i.ADC_ConversionStop_Disable  stm32f1xx_hal_adc.o
    0x0800086e   0x0800086e   0x00000002   PAD
    0x08000870   0x08000870   0x0000007c   Code   RO          580    i.ADC_Enable        stm32f1xx_hal_adc.o
    0x080008ec   0x080008ec   0x000002bc   Code   RO         3368    i.Auto_run          control.o
    0x08000ba8   0x08000ba8   0x00000050   Code   RO         3369    i.Balance           control.o
    0x08000bf8   0x08000bf8   0x00000002   Code   RO          423    i.BusFault_Handler  stm32f1xx_it.o
    0x08000bfa   0x08000bfa   0x00000002   PAD
    0x08000bfc   0x08000bfc   0x00000064   Code   RO         3483    i.DataScope         show.o
    0x08000c60   0x08000c60   0x00000080   Code   RO         3564    i.DataScope_Data_Generate  datascope_dp.o
    0x08000ce0   0x08000ce0   0x00000054   Code   RO         3565    i.DataScope_Get_Channel_Data  datascope_dp.o
    0x08000d34   0x08000d34   0x00000002   Code   RO          424    i.DebugMon_Handler  stm32f1xx_it.o
    0x08000d36   0x08000d36   0x00000016   Code   RO          425    i.EXTI15_10_IRQHandler  stm32f1xx_it.o
    0x08000d4c   0x08000d4c   0x00000012   Code   RO          426    i.EXTI9_5_IRQHandler  stm32f1xx_it.o
    0x08000d5e   0x08000d5e   0x00000004   Code   RO           13    i.Error_Handler     main.o
    0x08000d62   0x08000d62   0x00000002   PAD
    0x08000d64   0x08000d64   0x000000fc   Code   RO         3370    i.Find_Zero         control.o
    0x08000e60   0x08000e60   0x00000014   Code   RO         3566    i.Float2Byte        datascope_dp.o
    0x08000e74   0x08000e74   0x00000040   Code   RO          243    i.Get_Adc           adc.o
    0x08000eb4   0x08000eb4   0x00000028   Code   RO          244    i.Get_Adc_Average   adc.o
    0x08000edc   0x08000edc   0x00000038   Code   RO         3371    i.Get_D_Angle_Balance  control.o
    0x08000f14   0x08000f14   0x00000044   Code   RO          245    i.Get_battery_volt  adc.o
    0x08000f58   0x08000f58   0x000000d8   Code   RO          756    i.HAL_ADCEx_Calibration_Start  stm32f1xx_hal_adc_ex.o
    0x08001030   0x08001030   0x000000fc   Code   RO          582    i.HAL_ADC_ConfigChannel  stm32f1xx_hal_adc.o
    0x0800112c   0x0800112c   0x00000006   Code   RO          589    i.HAL_ADC_GetValue  stm32f1xx_hal_adc.o
    0x08001132   0x08001132   0x00000002   PAD
    0x08001134   0x08001134   0x0000011c   Code   RO          591    i.HAL_ADC_Init      stm32f1xx_hal_adc.o
    0x08001250   0x08001250   0x00000064   Code   RO          247    i.HAL_ADC_MspInit   adc.o
    0x080012b4   0x080012b4   0x0000013c   Code   RO          595    i.HAL_ADC_PollForConversion  stm32f1xx_hal_adc.o
    0x080013f0   0x080013f0   0x000000c0   Code   RO          597    i.HAL_ADC_Start     stm32f1xx_hal_adc.o
    0x080014b0   0x080014b0   0x00000024   Code   RO          859    i.HAL_Delay         stm32f1xx_hal.o
    0x080014d4   0x080014d4   0x0000016c   Code   RO          201    i.HAL_GPIO_EXTI_Callback  gpio.o
    0x08001640   0x08001640   0x00000018   Code   RO         1166    i.HAL_GPIO_EXTI_IRQHandler  stm32f1xx_hal_gpio.o
    0x08001658   0x08001658   0x000001e0   Code   RO         1167    i.HAL_GPIO_Init     stm32f1xx_hal_gpio.o
    0x08001838   0x08001838   0x0000000a   Code   RO         1171    i.HAL_GPIO_WritePin  stm32f1xx_hal_gpio.o
    0x08001842   0x08001842   0x00000002   PAD
    0x08001844   0x08001844   0x0000000c   Code   RO          863    i.HAL_GetTick       stm32f1xx_hal.o
    0x08001850   0x08001850   0x00000010   Code   RO          869    i.HAL_IncTick       stm32f1xx_hal.o
    0x08001860   0x08001860   0x00000024   Code   RO          870    i.HAL_Init          stm32f1xx_hal.o
    0x08001884   0x08001884   0x00000040   Code   RO          871    i.HAL_InitTick      stm32f1xx_hal.o
    0x080018c4   0x080018c4   0x00000044   Code   RO          516    i.HAL_MspInit       stm32f1xx_hal_msp.o
    0x08001908   0x08001908   0x0000001a   Code   RO         1327    i.HAL_NVIC_EnableIRQ  stm32f1xx_hal_cortex.o
    0x08001922   0x08001922   0x00000002   PAD
    0x08001924   0x08001924   0x00000040   Code   RO         1333    i.HAL_NVIC_SetPriority  stm32f1xx_hal_cortex.o
    0x08001964   0x08001964   0x00000024   Code   RO         1334    i.HAL_NVIC_SetPriorityGrouping  stm32f1xx_hal_cortex.o
    0x08001988   0x08001988   0x000000c8   Code   RO         1129    i.HAL_RCCEx_GetPeriphCLKFreq  stm32f1xx_hal_rcc_ex.o
    0x08001a50   0x08001a50   0x000000ec   Code   RO         1130    i.HAL_RCCEx_PeriphCLKConfig  stm32f1xx_hal_rcc_ex.o
    0x08001b3c   0x08001b3c   0x0000012c   Code   RO         1027    i.HAL_RCC_ClockConfig  stm32f1xx_hal_rcc.o
    0x08001c68   0x08001c68   0x00000020   Code   RO         1034    i.HAL_RCC_GetPCLK1Freq  stm32f1xx_hal_rcc.o
    0x08001c88   0x08001c88   0x00000020   Code   RO         1035    i.HAL_RCC_GetPCLK2Freq  stm32f1xx_hal_rcc.o
    0x08001ca8   0x08001ca8   0x0000006c   Code   RO         1036    i.HAL_RCC_GetSysClockFreq  stm32f1xx_hal_rcc.o
    0x08001d14   0x08001d14   0x00000320   Code   RO         1039    i.HAL_RCC_OscConfig  stm32f1xx_hal_rcc.o
    0x08002034   0x08002034   0x00000028   Code   RO         1338    i.HAL_SYSTICK_Config  stm32f1xx_hal_cortex.o
    0x0800205c   0x0800205c   0x00000002   Code   RO         2533    i.HAL_TIMEx_BreakCallback  stm32f1xx_hal_tim_ex.o
    0x0800205e   0x0800205e   0x00000002   Code   RO         2534    i.HAL_TIMEx_CommutCallback  stm32f1xx_hal_tim_ex.o
    0x08002060   0x08002060   0x00000068   Code   RO         2552    i.HAL_TIMEx_MasterConfigSynchronization  stm32f1xx_hal_tim_ex.o
    0x080020c8   0x080020c8   0x0000005a   Code   RO         1829    i.HAL_TIM_Base_Init  stm32f1xx_hal_tim.o
    0x08002122   0x08002122   0x00000002   PAD
    0x08002124   0x08002124   0x00000054   Code   RO          304    i.HAL_TIM_Base_MspInit  tim.o
    0x08002178   0x08002178   0x00000058   Code   RO         1834    i.HAL_TIM_Base_Start_IT  stm32f1xx_hal_tim.o
    0x080021d0   0x080021d0   0x000000d6   Code   RO         1838    i.HAL_TIM_ConfigClockSource  stm32f1xx_hal_tim.o
    0x080022a6   0x080022a6   0x000000a4   Code   RO         1850    i.HAL_TIM_Encoder_Init  stm32f1xx_hal_tim.o
    0x0800234a   0x0800234a   0x00000002   PAD
    0x0800234c   0x0800234c   0x00000054   Code   RO          306    i.HAL_TIM_Encoder_MspInit  tim.o
    0x080023a0   0x080023a0   0x0000008e   Code   RO         1853    i.HAL_TIM_Encoder_Start  stm32f1xx_hal_tim.o
    0x0800242e   0x0800242e   0x00000002   Code   RO         1863    i.HAL_TIM_IC_CaptureCallback  stm32f1xx_hal_tim.o
    0x08002430   0x08002430   0x00000166   Code   RO         1877    i.HAL_TIM_IRQHandler  stm32f1xx_hal_tim.o
    0x08002596   0x08002596   0x00000002   PAD
    0x08002598   0x08002598   0x0000004c   Code   RO          307    i.HAL_TIM_MspPostInit  tim.o
    0x080025e4   0x080025e4   0x00000002   Code   RO         1880    i.HAL_TIM_OC_DelayElapsedCallback  stm32f1xx_hal_tim.o
    0x080025e6   0x080025e6   0x000000c6   Code   RO         1901    i.HAL_TIM_PWM_ConfigChannel  stm32f1xx_hal_tim.o
    0x080026ac   0x080026ac   0x0000005a   Code   RO         1904    i.HAL_TIM_PWM_Init  stm32f1xx_hal_tim.o
    0x08002706   0x08002706   0x00000002   Code   RO         1906    i.HAL_TIM_PWM_MspInit  stm32f1xx_hal_tim.o
    0x08002708   0x08002708   0x00000002   Code   RO         1907    i.HAL_TIM_PWM_PulseFinishedCallback  stm32f1xx_hal_tim.o
    0x0800270a   0x0800270a   0x00000002   PAD
    0x0800270c   0x0800270c   0x0000009c   Code   RO         1909    i.HAL_TIM_PWM_Start  stm32f1xx_hal_tim.o
    0x080027a8   0x080027a8   0x00000180   Code   RO         3372    i.HAL_TIM_PeriodElapsedCallback  control.o
    0x08002928   0x08002928   0x00000002   Code   RO         1920    i.HAL_TIM_TriggerCallback  stm32f1xx_hal_tim.o
    0x0800292a   0x0800292a   0x00000062   Code   RO         2829    i.HAL_UART_Init     stm32f1xx_hal_uart.o
    0x0800298c   0x0800298c   0x00000070   Code   RO          382    i.HAL_UART_MspInit  usart.o
    0x080029fc   0x080029fc   0x00000002   Code   RO          427    i.HardFault_Handler  stm32f1xx_it.o
    0x080029fe   0x080029fe   0x00000002   PAD
    0x08002a00   0x08002a00   0x00000058   Code   RO         3373    i.Incremental_PI    control.o
    0x08002a58   0x08002a58   0x00000028   Code   RO           14    i.JTAG_Set          main.o
    0x08002a80   0x08002a80   0x00000098   Code   RO         3374    i.Key               control.o
    0x08002b18   0x08002b18   0x00000030   Code   RO         3195    i.Led_Flash         led.o
    0x08002b48   0x08002b48   0x0000003c   Code   RO         3220    i.Long_Press        key.o
    0x08002b84   0x08002b84   0x0000003c   Code   RO         3221    i.Long_Press_KEY2   key.o
    0x08002bc0   0x08002bc0   0x00000050   Code   RO          248    i.MX_ADC1_Init      adc.o
    0x08002c10   0x08002c10   0x00000110   Code   RO          202    i.MX_GPIO_Init      gpio.o
    0x08002d20   0x08002d20   0x00000074   Code   RO          308    i.MX_TIM1_Init      tim.o
    0x08002d94   0x08002d94   0x000000a0   Code   RO          309    i.MX_TIM3_Init      tim.o
    0x08002e34   0x08002e34   0x0000007c   Code   RO          310    i.MX_TIM4_Init      tim.o
    0x08002eb0   0x08002eb0   0x00000038   Code   RO          383    i.MX_USART1_UART_Init  usart.o
    0x08002ee8   0x08002ee8   0x00000040   Code   RO         3375    i.Mean_Filter       control.o
    0x08002f28   0x08002f28   0x00000002   Code   RO          428    i.MemManage_Handler  stm32f1xx_it.o
    0x08002f2a   0x08002f2a   0x00000002   Code   RO          429    i.NMI_Handler       stm32f1xx_it.o
    0x08002f2c   0x08002f2c   0x0000002c   Code   RO         3263    i.OLED_Clear        oled.o
    0x08002f58   0x08002f58   0x0000003c   Code   RO         3266    i.OLED_DrawPoint    oled.o
    0x08002f94   0x08002f94   0x000000ec   Code   RO         3267    i.OLED_Init         oled.o
    0x08003080   0x08003080   0x0000004c   Code   RO         3268    i.OLED_Refresh_Gram  oled.o
    0x080030cc   0x080030cc   0x00000090   Code   RO         3269    i.OLED_ShowChar     oled.o
    0x0800315c   0x0800315c   0x0000006c   Code   RO         3270    i.OLED_ShowChinese  oled.o
    0x080031c8   0x080031c8   0x00000070   Code   RO         3271    i.OLED_ShowChinese_12  oled.o
    0x08003238   0x08003238   0x00000078   Code   RO         3272    i.OLED_ShowNumber   oled.o
    0x080032b0   0x080032b0   0x0000003e   Code   RO         3273    i.OLED_ShowString   oled.o
    0x080032ee   0x080032ee   0x00000002   PAD
    0x080032f0   0x080032f0   0x00000048   Code   RO         3274    i.OLED_WR_Byte      oled.o
    0x08003338   0x08003338   0x00000002   Code   RO          430    i.PendSV_Handler    stm32f1xx_it.o
    0x0800333a   0x0800333a   0x00000002   PAD
    0x0800333c   0x0800333c   0x000000a0   Code   RO         3376    i.Position          control.o
    0x080033dc   0x080033dc   0x00000098   Code   RO         3377    i.Position_PID      control.o
    0x08003474   0x08003474   0x00000048   Code   RO         3378    i.Pre_Position      control.o
    0x080034bc   0x080034bc   0x0000002c   Code   RO          311    i.Read_Encoder      tim.o
    0x080034e8   0x080034e8   0x00000002   Code   RO          431    i.SVC_Handler       stm32f1xx_it.o
    0x080034ea   0x080034ea   0x00000002   PAD
    0x080034ec   0x080034ec   0x00000030   Code   RO         3379    i.Set_Pwm           control.o
    0x0800351c   0x0800351c   0x00000004   Code   RO          432    i.SysTick_Handler   stm32f1xx_it.o
    0x08003520   0x08003520   0x00000078   Code   RO           15    i.SystemClock_Config  main.o
    0x08003598   0x08003598   0x00000002   Code   RO         3158    i.SystemInit        system_stm32f1xx.o
    0x0800359a   0x0800359a   0x00000002   PAD
    0x0800359c   0x0800359c   0x0000000c   Code   RO          433    i.TIM1_UP_IRQHandler  stm32f1xx_it.o
    0x080035a8   0x080035a8   0x0000006c   Code   RO         1922    i.TIM_Base_SetConfig  stm32f1xx_hal_tim.o
    0x08003614   0x08003614   0x0000001a   Code   RO         1923    i.TIM_CCxChannelCmd  stm32f1xx_hal_tim.o
    0x0800362e   0x0800362e   0x00000014   Code   RO         1933    i.TIM_ETR_SetConfig  stm32f1xx_hal_tim.o
    0x08003642   0x08003642   0x00000010   Code   RO         1934    i.TIM_ITRx_SetConfig  stm32f1xx_hal_tim.o
    0x08003652   0x08003652   0x00000002   PAD
    0x08003654   0x08003654   0x00000050   Code   RO         1935    i.TIM_OC1_SetConfig  stm32f1xx_hal_tim.o
    0x080036a4   0x080036a4   0x00000058   Code   RO         1936    i.TIM_OC2_SetConfig  stm32f1xx_hal_tim.o
    0x080036fc   0x080036fc   0x00000058   Code   RO         1937    i.TIM_OC3_SetConfig  stm32f1xx_hal_tim.o
    0x08003754   0x08003754   0x00000044   Code   RO         1938    i.TIM_OC4_SetConfig  stm32f1xx_hal_tim.o
    0x08003798   0x08003798   0x00000022   Code   RO         1940    i.TIM_TI1_ConfigInputStage  stm32f1xx_hal_tim.o
    0x080037ba   0x080037ba   0x00000024   Code   RO         1942    i.TIM_TI2_ConfigInputStage  stm32f1xx_hal_tim.o
    0x080037de   0x080037de   0x00000002   PAD
    0x080037e0   0x080037e0   0x0000022c   Code   RO         3597    i.Tips              check.o
    0x08003a0c   0x08003a0c   0x00000054   Code   RO         3380    i.Turn_Off          control.o
    0x08003a60   0x08003a60   0x000000b8   Code   RO         2855    i.UART_SetConfig    stm32f1xx_hal_uart.o
    0x08003b18   0x08003b18   0x00000002   Code   RO          434    i.UsageFault_Handler  stm32f1xx_it.o
    0x08003b1a   0x08003b1a   0x00000002   PAD
    0x08003b1c   0x08003b1c   0x00000020   Code   RO         3381    i.Xianfu_Pwm        control.o
    0x08003b3c   0x08003b3c   0x00000020   Code   RO         1340    i.__NVIC_SetPriority  stm32f1xx_hal_cortex.o
    0x08003b5c   0x08003b5c   0x0000000e   Code   RO         3683    i.__scatterload_copy  mc_w.l(handlers.o)
    0x08003b6a   0x08003b6a   0x00000002   Code   RO         3684    i.__scatterload_null  mc_w.l(handlers.o)
    0x08003b6c   0x08003b6c   0x0000000e   Code   RO         3685    i.__scatterload_zeroinit  mc_w.l(handlers.o)
    0x08003b7a   0x08003b7a   0x00000002   PAD
    0x08003b7c   0x08003b7c   0x00000168   Code   RO         3484    i.check_display     show.o
    0x08003ce4   0x08003ce4   0x00000058   Code   RO         3222    i.click             key.o
    0x08003d3c   0x08003d3c   0x0000008c   Code   RO         3223    i.click_N_Double    key.o
    0x08003dc8   0x08003dc8   0x00000082   Code   RO         3485    i.fail_display      show.o
    0x08003e4a   0x08003e4a   0x00000002   PAD
    0x08003e4c   0x08003e4c   0x0000005c   Code   RO           16    i.main              main.o
    0x08003ea8   0x08003ea8   0x00000008   Code   RO         3382    i.myabs             control.o
    0x08003eb0   0x08003eb0   0x00000010   Code   RO         3275    i.oled_pow          oled.o
    0x08003ec0   0x08003ec0   0x000003b4   Code   RO         3486    i.oled_show         show.o
    0x08004274   0x08004274   0x0000017e   Code   RO         3487    i.show_Tips         show.o
    0x080043f2   0x080043f2   0x000001c6   Code   RO         3488    i.step_0            show.o
    0x080045b8   0x080045b8   0x000001ba   Code   RO         3489    i.step_1            show.o
    0x08004772   0x08004772   0x000001de   Code   RO         3490    i.step_2            show.o
    0x08004950   0x08004950   0x00000120   Code   RO         3491    i.step_3            show.o
    0x08004a70   0x08004a70   0x000000b2   Code   RO         3492    i.success_display   show.o
    0x08004b22   0x08004b22   0x00000010   Data   RO         3159    .constdata          system_stm32f1xx.o
    0x08004b32   0x08004b32   0x00000008   Data   RO         3160    .constdata          system_stm32f1xx.o
    0x08004b3a   0x08004b3a   0x00000002   PAD
    0x08004b3c   0x08004b3c   0x00004354   Data   RO         3277    .constdata          oled.o
    0x08008e90   0x08008e90   0x00000020   Data   RO         3681    Region$$Table       anon$$obj.o


    Execution Region RW_IRAM1 (Exec base: 0x20000000, Load base: 0x08008eb0, Size: 0x00000a68, Max: 0x00005000, ABSOLUTE)

    Exec Addr    Load Addr    Size         Type   Attr      Idx    E Section Name        Object

    0x20000000   0x08008eb0   0x00000001   Data   RW           17    .data               main.o
    0x20000001   0x08008eb1   0x00000001   Data   RW           18    .data               main.o
    0x20000002   0x08008eb2   0x00000001   Data   RW           19    .data               main.o
    0x20000003   0x08008eb3   0x00000001   PAD
    0x20000004   0x08008eb4   0x00000004   Data   RW           20    .data               main.o
    0x20000008   0x08008eb8   0x00000004   Data   RW           21    .data               main.o
    0x2000000c   0x08008ebc   0x00000004   Data   RW           22    .data               main.o
    0x20000010   0x08008ec0   0x00000004   Data   RW           23    .data               main.o
    0x20000014   0x08008ec4   0x00000004   Data   RW           24    .data               main.o
    0x20000018   0x08008ec8   0x00000004   Data   RW           25    .data               main.o
    0x2000001c   0x08008ecc   0x00000004   Data   RW           26    .data               main.o
    0x20000020   0x08008ed0   0x00000004   Data   RW           27    .data               main.o
    0x20000024   0x08008ed4   0x00000004   Data   RW           28    .data               main.o
    0x20000028   0x08008ed8   0x00000004   Data   RW           29    .data               main.o
    0x2000002c   0x08008edc   0x00000001   Data   RW           30    .data               main.o
    0x2000002d   0x08008edd   0x00000001   Data   RW           31    .data               main.o
    0x2000002e   0x08008ede   0x00000002   PAD
    0x20000030   0x08008ee0   0x00000004   Data   RW           32    .data               main.o
    0x20000034   0x08008ee4   0x00000004   Data   RW           33    .data               main.o
    0x20000038   0x08008ee8   0x00000004   Data   RW           34    .data               main.o
    0x2000003c   0x08008eec   0x00000004   Data   RW           35    .data               main.o
    0x20000040   0x08008ef0   0x0000000c   Data   RW          877    .data               stm32f1xx_hal.o
    0x2000004c   0x08008efc   0x00000004   Data   RW         3161    .data               system_stm32f1xx.o
    0x20000050   0x08008f00   0x00000004   Data   RW         3196    .data               led.o
    0x20000054   0x08008f04   0x00000010   Data   RW         3224    .data               key.o
    0x20000064   0x08008f14   0x00000084   Data   RW         3383    .data               control.o
    0x200000e8   0x08008f98   0x00000002   Data   RW         3493    .data               show.o
    0x200000ea   0x08008f9a   0x00000002   Data   RW         3598    .data               check.o
    0x200000ec        -       0x00000030   Zero   RW          249    .bss                adc.o
    0x2000011c        -       0x000000d8   Zero   RW          312    .bss                tim.o
    0x200001f4        -       0x00000044   Zero   RW          384    .bss                usart.o
    0x20000238        -       0x00000400   Zero   RW         3276    .bss                oled.o
    0x20000638        -       0x0000002a   Zero   RW         3567    .bss                datascope_dp.o
    0x20000662   0x08008f9c   0x00000006   PAD
    0x20000668        -       0x00000400   Zero   RW            1    STACK               startup_stm32f103xb.o


==============================================================================

Image component sizes


      Code (inc. data)   RO Data    RW Data    ZI Data      Debug   Object Name

       352         48          0          0         48       4092   adc.o
       556         32          0          2          0       1035   check.o
      2332        370          0        132          0      13116   control.o
       232         34          0          0         42       3374   datascope_dp.o
       636         68          0          0          0       5801   gpio.o
       348         34          0         16          0       3048   key.o
        48          8          0          4          0        632   led.o
       256         16          0         61          0     454856   main.o
      1050         50      17236          0       1024      10362   oled.o
      3760        162          0          2          0       7321   show.o
        36          8        236          0       1024        892   startup_stm32f103xb.o
       164         28          0         12          0       6773   stm32f1xx_hal.o
      1260         54          0          0          0       7396   stm32f1xx_hal_adc.o
       216          6          0          0          0       1650   stm32f1xx_hal_adc_ex.o
       198         14          0          0          0      29595   stm32f1xx_hal_cortex.o
       514         40          0          0          0       3919   stm32f1xx_hal_gpio.o
        68         10          0          0          0       1090   stm32f1xx_hal_msp.o
      1272        100          0          0          0       5844   stm32f1xx_hal_rcc.o
       436         46          0          0          0       2861   stm32f1xx_hal_rcc_ex.o
      2074         58          0          0          0      20469   stm32f1xx_hal_tim.o
       108         12          0          0          0       2805   stm32f1xx_hal_tim_ex.o
       282          6          0          0          0       2200   stm32f1xx_hal_uart.o
        72          6          0          0          0       6579   stm32f1xx_it.o
         2          0         24          4          0       1443   system_stm32f1xx.o
       688         74          0          0        216       5847   tim.o
       168         20          0          0         68       2110   usart.o

    ----------------------------------------------------------------------
     17166       1304      17530        236       2428     605110   Object Totals
         0          0         32          0          0          0   (incl. Generated)
        38          0          2          3          6          0   (incl. Padding)

    ----------------------------------------------------------------------

      Code (inc. data)   RO Data    RW Data    ZI Data      Debug   Library Member Name

         0          0          0          0          0          0   entry.o
         0          0          0          0          0          0   entry10a.o
         0          0          0          0          0          0   entry11a.o
         4          0          0          0          0          0   entry12b.o
         8          4          0          0          0          0   entry2.o
         4          0          0          0          0          0   entry5.o
         0          0          0          0          0          0   entry7b.o
         0          0          0          0          0          0   entry8b.o
         8          4          0          0          0          0   entry9a.o
        30          0          0          0          0          0   handlers.o
        36          8          0          0          0         68   init.o
         0          0          0          0          0          0   iusefp.o
        30          0          0          0          0         68   llshl.o
        36          0          0          0          0         68   llsshr.o
        32          0          0          0          0         68   llushr.o
        36          0          0          0          0        108   memseta.o
        56          0          0          0          0         88   d2f.o
       334          0          0          0          0        148   dadd.o
       186          0          0          0          0        176   depilogue.o
        62          0          0          0          0         80   dfixi.o
        26          0          0          0          0         76   dfltui.o
       228          0          0          0          0         96   dmul.o
        46          0          0          0          0         80   dscalb.o
        38          0          0          0          0         68   f2d.o
       176          0          0          0          0        140   fadd.o
       124          0          0          0          0         88   fdiv.o
       110          0          0          0          0        168   fepilogue.o
        50          0          0          0          0         68   ffixi.o
        40          0          0          0          0         68   ffixui.o
        18          0          0          0          0         68   fflti.o
        10          0          0          0          0         68   ffltui.o
       100          0          0          0          0         76   fmul.o

    ----------------------------------------------------------------------
      1832         16          0          0          0       1936   Library Totals
         4          0          0          0          0          0   (incl. Padding)

    ----------------------------------------------------------------------

      Code (inc. data)   RO Data    RW Data    ZI Data      Debug   Library Name

       224         16          0          0          0        380   mc_w.l
      1604          0          0          0          0       1556   mf_w.l

    ----------------------------------------------------------------------
      1832         16          0          0          0       1936   Library Totals

    ----------------------------------------------------------------------

==============================================================================


      Code (inc. data)   RO Data    RW Data    ZI Data      Debug   

     18998       1320      17530        236       2428     599294   Grand Totals
     18998       1320      17530        236       2428     599294   ELF Image Totals
     18998       1320      17530        236          0          0   ROM Totals

==============================================================================

    Total RO  Size (Code + RO Data)                36528 (  35.67kB)
    Total RW  Size (RW Data + ZI Data)              2664 (   2.60kB)
    Total ROM Size (Code + RO Data + RW Data)      36764 (  35.90kB)

==============================================================================

